Archive member included to satisfy reference by file (symbol)

../../MCSDK_v5.4.3/MotorControl/lib\libmc-gcc_M4_NoCCMRAM.lib(revup_ctrl.o)
                              Application/User/mc_tasks.o (RUC_Init)
../../MCSDK_v5.4.3/MotorControl/lib\libmc-gcc_M4_NoCCMRAM.lib(sto_pll_speed_pos_fdbk.o)
                              Application/User/mc_tasks.o (STO_PLL_CalcElAngle)
c:/st/stm32cubeide_1.3.0/stm32cubeide/plugins/com.st.stm32cube.ide.mcu.externaltools.gnu-tools-for-stm32.7-2018-q2-update.win32_1.0.0.201904181610/tools/bin/../lib/gcc/arm-none-eabi/7.3.1/../../../../arm-none-eabi/lib/thumb/v7e-m/fpv4-sp/hard\libc_nano.a(lib_a-errno.o)
                              Application/User/syscalls.o (__errno)
c:/st/stm32cubeide_1.3.0/stm32cubeide/plugins/com.st.stm32cube.ide.mcu.externaltools.gnu-tools-for-stm32.7-2018-q2-update.win32_1.0.0.201904181610/tools/bin/../lib/gcc/arm-none-eabi/7.3.1/../../../../arm-none-eabi/lib/thumb/v7e-m/fpv4-sp/hard\libc_nano.a(lib_a-exit.o)
                              c:/st/stm32cubeide_1.3.0/stm32cubeide/plugins/com.st.stm32cube.ide.mcu.externaltools.gnu-tools-for-stm32.7-2018-q2-update.win32_1.0.0.201904181610/tools/bin/../lib/gcc/arm-none-eabi/7.3.1/../../../../arm-none-eabi/lib/thumb/v7e-m/fpv4-sp/hard/crt0.o (exit)
c:/st/stm32cubeide_1.3.0/stm32cubeide/plugins/com.st.stm32cube.ide.mcu.externaltools.gnu-tools-for-stm32.7-2018-q2-update.win32_1.0.0.201904181610/tools/bin/../lib/gcc/arm-none-eabi/7.3.1/../../../../arm-none-eabi/lib/thumb/v7e-m/fpv4-sp/hard\libc_nano.a(lib_a-impure.o)
                              c:/st/stm32cubeide_1.3.0/stm32cubeide/plugins/com.st.stm32cube.ide.mcu.externaltools.gnu-tools-for-stm32.7-2018-q2-update.win32_1.0.0.201904181610/tools/bin/../lib/gcc/arm-none-eabi/7.3.1/../../../../arm-none-eabi/lib/thumb/v7e-m/fpv4-sp/hard\libc_nano.a(lib_a-exit.o) (_global_impure_ptr)
c:/st/stm32cubeide_1.3.0/stm32cubeide/plugins/com.st.stm32cube.ide.mcu.externaltools.gnu-tools-for-stm32.7-2018-q2-update.win32_1.0.0.201904181610/tools/bin/../lib/gcc/arm-none-eabi/7.3.1/../../../../arm-none-eabi/lib/thumb/v7e-m/fpv4-sp/hard\libc_nano.a(lib_a-init.o)
                              c:/st/stm32cubeide_1.3.0/stm32cubeide/plugins/com.st.stm32cube.ide.mcu.externaltools.gnu-tools-for-stm32.7-2018-q2-update.win32_1.0.0.201904181610/tools/bin/../lib/gcc/arm-none-eabi/7.3.1/../../../../arm-none-eabi/lib/thumb/v7e-m/fpv4-sp/hard/crt0.o (__libc_init_array)
c:/st/stm32cubeide_1.3.0/stm32cubeide/plugins/com.st.stm32cube.ide.mcu.externaltools.gnu-tools-for-stm32.7-2018-q2-update.win32_1.0.0.201904181610/tools/bin/../lib/gcc/arm-none-eabi/7.3.1/../../../../arm-none-eabi/lib/thumb/v7e-m/fpv4-sp/hard\libc_nano.a(lib_a-memset.o)
                              c:/st/stm32cubeide_1.3.0/stm32cubeide/plugins/com.st.stm32cube.ide.mcu.externaltools.gnu-tools-for-stm32.7-2018-q2-update.win32_1.0.0.201904181610/tools/bin/../lib/gcc/arm-none-eabi/7.3.1/../../../../arm-none-eabi/lib/thumb/v7e-m/fpv4-sp/hard/crt0.o (memset)
c:/st/stm32cubeide_1.3.0/stm32cubeide/plugins/com.st.stm32cube.ide.mcu.externaltools.gnu-tools-for-stm32.7-2018-q2-update.win32_1.0.0.201904181610/tools/bin/../lib/gcc/arm-none-eabi/7.3.1/thumb/v7e-m/fpv4-sp/hard\libgcc.a(_aeabi_ldivmod.o)
                              Drivers/STM32G4xx_HAL_Driver/stm32g4xx_hal_uart.o (__aeabi_ldivmod)
c:/st/stm32cubeide_1.3.0/stm32cubeide/plugins/com.st.stm32cube.ide.mcu.externaltools.gnu-tools-for-stm32.7-2018-q2-update.win32_1.0.0.201904181610/tools/bin/../lib/gcc/arm-none-eabi/7.3.1/thumb/v7e-m/fpv4-sp/hard\libgcc.a(_aeabi_uldivmod.o)
                              Drivers/STM32G4xx_HAL_Driver/stm32g4xx_hal_uart.o (__aeabi_uldivmod)
c:/st/stm32cubeide_1.3.0/stm32cubeide/plugins/com.st.stm32cube.ide.mcu.externaltools.gnu-tools-for-stm32.7-2018-q2-update.win32_1.0.0.201904181610/tools/bin/../lib/gcc/arm-none-eabi/7.3.1/thumb/v7e-m/fpv4-sp/hard\libgcc.a(_udivmoddi4.o)
                              c:/st/stm32cubeide_1.3.0/stm32cubeide/plugins/com.st.stm32cube.ide.mcu.externaltools.gnu-tools-for-stm32.7-2018-q2-update.win32_1.0.0.201904181610/tools/bin/../lib/gcc/arm-none-eabi/7.3.1/thumb/v7e-m/fpv4-sp/hard\libgcc.a(_aeabi_ldivmod.o) (__udivmoddi4)
c:/st/stm32cubeide_1.3.0/stm32cubeide/plugins/com.st.stm32cube.ide.mcu.externaltools.gnu-tools-for-stm32.7-2018-q2-update.win32_1.0.0.201904181610/tools/bin/../lib/gcc/arm-none-eabi/7.3.1/thumb/v7e-m/fpv4-sp/hard\libgcc.a(_dvmd_tls.o)
                              c:/st/stm32cubeide_1.3.0/stm32cubeide/plugins/com.st.stm32cube.ide.mcu.externaltools.gnu-tools-for-stm32.7-2018-q2-update.win32_1.0.0.201904181610/tools/bin/../lib/gcc/arm-none-eabi/7.3.1/thumb/v7e-m/fpv4-sp/hard\libgcc.a(_aeabi_ldivmod.o) (__aeabi_ldiv0)

Allocating common symbols
Common symbol       size              file

pOCPDisabling       0x4               Application/User/mc_tasks.o
pTemperatureSensor  0x4               Application/User/mc_tasks.o
[...]
Memory Configuration

Name             Origin             Length             Attributes
RAM              0x0000000020000000 0x0000000000008000 xrw
FLASH            0x0000000008000000 0x0000000000020000 xr
*default*        0x0000000000000000 0xffffffffffffffff

Linker script and memory map

LOAD c:/st/stm32cubeide_1.3.0/stm32cubeide/plugins/com.st.stm32cube.ide.mcu.externaltools.gnu-tools-for-stm32.7-2018-q2-update.win32_1.0.0.201904181610/tools/bin/../lib/gcc/arm-none-eabi/7.3.1/thumb/v7e-m/fpv4-sp/hard/crti.o
LOAD c:/st/stm32cubeide_1.3.0/stm32cubeide/plugins/com.st.stm32cube.ide.mcu.externaltools.gnu-tools-for-stm32.7-2018-q2-update.win32_1.0.0.201904181610/tools/bin/../lib/gcc/arm-none-eabi/7.3.1/thumb/v7e-m/fpv4-sp/hard/crtbegin.o
LOAD c:/st/stm32cubeide_1.3.0/stm32cubeide/plugins/com.st.stm32cube.ide.mcu.externaltools.gnu-tools-for-stm32.7-2018-q2-update.win32_1.0.0.201904181610/tools/bin/../lib/gcc/arm-none-eabi/7.3.1/../../../../arm-none-eabi/lib/thumb/v7e-m/fpv4-sp/hard/crt0.o
LOAD Application/Startup/startup_stm32g431cbux.o
LOAD Application/User/dac_ui.o
LOAD Application/User/esc.o
LOAD Application/User/main.o
LOAD Application/User/mc_api.o
LOAD Application/User/mc_config.o
LOAD Application/User/mc_interface.o
LOAD Application/User/mc_math.o
LOAD Application/User/mc_parameters.o
LOAD Application/User/mc_tasks.o
LOAD Application/User/motor_control_protocol.o
LOAD Application/User/motorcontrol.o
LOAD Application/User/regular_conversion_manager.o
LOAD Application/User/stm32g4xx_hal_msp.o
LOAD Application/User/stm32g4xx_it.o
LOAD Application/User/stm32g4xx_mc_it.o
LOAD Application/User/syscalls.o
LOAD Application/User/sysmem.o
LOAD Application/User/ui_task.o
LOAD Application/User/user_interface.o
LOAD Drivers/CMSIS/system_stm32g4xx.o
LOAD Drivers/STM32G4xx_HAL_Driver/stm32g4xx_hal.o
LOAD Drivers/STM32G4xx_HAL_Driver/stm32g4xx_hal_adc.o
LOAD Drivers/STM32G4xx_HAL_Driver/stm32g4xx_hal_adc_ex.o
LOAD Drivers/STM32G4xx_HAL_Driver/stm32g4xx_hal_comp.o
LOAD Drivers/STM32G4xx_HAL_Driver/stm32g4xx_hal_cordic.o
LOAD Drivers/STM32G4xx_HAL_Driver/stm32g4xx_hal_cortex.o
LOAD Drivers/STM32G4xx_HAL_Driver/stm32g4xx_hal_dac.o
LOAD Drivers/STM32G4xx_HAL_Driver/stm32g4xx_hal_dac_ex.o
LOAD Drivers/STM32G4xx_HAL_Driver/stm32g4xx_hal_dma.o
LOAD Drivers/STM32G4xx_HAL_Driver/stm32g4xx_hal_dma_ex.o
LOAD Drivers/STM32G4xx_HAL_Driver/stm32g4xx_hal_exti.o
LOAD Drivers/STM32G4xx_HAL_Driver/stm32g4xx_hal_flash.o
LOAD Drivers/STM32G4xx_HAL_Driver/stm32g4xx_hal_flash_ex.o
LOAD Drivers/STM32G4xx_HAL_Driver/stm32g4xx_hal_flash_ramfunc.o
LOAD Drivers/STM32G4xx_HAL_Driver/stm32g4xx_hal_gpio.o
LOAD Drivers/STM32G4xx_HAL_Driver/stm32g4xx_hal_opamp.o
LOAD Drivers/STM32G4xx_HAL_Driver/stm32g4xx_hal_opamp_ex.o
LOAD Drivers/STM32G4xx_HAL_Driver/stm32g4xx_hal_pwr.o
LOAD Drivers/STM32G4xx_HAL_Driver/stm32g4xx_hal_pwr_ex.o
LOAD Drivers/STM32G4xx_HAL_Driver/stm32g4xx_hal_rcc.o
LOAD Drivers/STM32G4xx_HAL_Driver/stm32g4xx_hal_rcc_ex.o
LOAD Drivers/STM32G4xx_HAL_Driver/stm32g4xx_hal_tim.o
LOAD Drivers/STM32G4xx_HAL_Driver/stm32g4xx_hal_tim_ex.o
LOAD Drivers/STM32G4xx_HAL_Driver/stm32g4xx_hal_uart.o
LOAD Drivers/STM32G4xx_HAL_Driver/stm32g4xx_hal_uart_ex.o
LOAD Drivers/STM32G4xx_HAL_Driver/stm32g4xx_ll_adc.o
LOAD Drivers/STM32G4xx_HAL_Driver/stm32g4xx_ll_pwr.o
LOAD Middlewares/MotorControl/bus_voltage_sensor.o
LOAD Middlewares/MotorControl/circle_limitation.o
LOAD Middlewares/MotorControl/dac_common_ui.o
LOAD Middlewares/MotorControl/digital_output.o
LOAD Middlewares/MotorControl/frame_communication_protocol.o
LOAD Middlewares/MotorControl/motor_power_measurement.o
LOAD Middlewares/MotorControl/ntc_temperature_sensor.o
LOAD Middlewares/MotorControl/open_loop.o
LOAD Middlewares/MotorControl/pid_regulator.o
LOAD Middlewares/MotorControl/pqd_motor_power_measurement.o
LOAD Middlewares/MotorControl/pwm_common.o
LOAD Middlewares/MotorControl/pwm_curr_fdbk.o
LOAD Middlewares/MotorControl/r3_2_g4xx_pwm_curr_fdbk.o
LOAD Middlewares/MotorControl/r_divider_bus_voltage_sensor.o
LOAD Middlewares/MotorControl/ramp_ext_mngr.o
LOAD Middlewares/MotorControl/speed_pos_fdbk.o
LOAD Middlewares/MotorControl/speed_torq_ctrl.o
LOAD Middlewares/MotorControl/state_machine.o
LOAD Middlewares/MotorControl/ui_irq_handler.o
LOAD Middlewares/MotorControl/usart_frame_communication_protocol.o
LOAD Middlewares/MotorControl/virtual_speed_sensor.o
LOAD ../../MCSDK_v5.4.3/MotorControl/lib\libmc-gcc_M4_NoCCMRAM.lib
START GROUP
LOAD c:/st/stm32cubeide_1.3.0/stm32cubeide/plugins/com.st.stm32cube.ide.mcu.externaltools.gnu-tools-for-stm32.7-2018-q2-update.win32_1.0.0.201904181610/tools/bin/../lib/gcc/arm-none-eabi/7.3.1/../../../../arm-none-eabi/lib/thumb/v7e-m/fpv4-sp/hard\libc_nano.a
LOAD c:/st/stm32cubeide_1.3.0/stm32cubeide/plugins/com.st.stm32cube.ide.mcu.externaltools.gnu-tools-for-stm32.7-2018-q2-update.win32_1.0.0.201904181610/tools/bin/../lib/gcc/arm-none-eabi/7.3.1/../../../../arm-none-eabi/lib/thumb/v7e-m/fpv4-sp/hard\libm.a
END GROUP
START GROUP
LOAD c:/st/stm32cubeide_1.3.0/stm32cubeide/plugins/com.st.stm32cube.ide.mcu.externaltools.gnu-tools-for-stm32.7-2018-q2-update.win32_1.0.0.201904181610/tools/bin/../lib/gcc/arm-none-eabi/7.3.1/thumb/v7e-m/fpv4-sp/hard\libgcc.a
LOAD c:/st/stm32cubeide_1.3.0/stm32cubeide/plugins/com.st.stm32cube.ide.mcu.externaltools.gnu-tools-for-stm32.7-2018-q2-update.win32_1.0.0.201904181610/tools/bin/../lib/gcc/arm-none-eabi/7.3.1/../../../../arm-none-eabi/lib/thumb/v7e-m/fpv4-sp/hard\libc_nano.a
END GROUP
START GROUP
LOAD c:/st/stm32cubeide_1.3.0/stm32cubeide/plugins/com.st.stm32cube.ide.mcu.externaltools.gnu-tools-for-stm32.7-2018-q2-update.win32_1.0.0.201904181610/tools/bin/../lib/gcc/arm-none-eabi/7.3.1/thumb/v7e-m/fpv4-sp/hard\libgcc.a
LOAD c:/st/stm32cubeide_1.3.0/stm32cubeide/plugins/com.st.stm32cube.ide.mcu.externaltools.gnu-tools-for-stm32.7-2018-q2-update.win32_1.0.0.201904181610/tools/bin/../lib/gcc/arm-none-eabi/7.3.1/../../../../arm-none-eabi/lib/thumb/v7e-m/fpv4-sp/hard\libc_nano.a
LOAD c:/st/stm32cubeide_1.3.0/stm32cubeide/plugins/com.st.stm32cube.ide.mcu.externaltools.gnu-tools-for-stm32.7-2018-q2-update.win32_1.0.0.201904181610/tools/bin/../lib/gcc/arm-none-eabi/7.3.1/../../../../arm-none-eabi/lib/thumb/v7e-m/fpv4-sp/hard\libnosys.a
END GROUP
START GROUP
LOAD c:/st/stm32cubeide_1.3.0/stm32cubeide/plugins/com.st.stm32cube.ide.mcu.externaltools.gnu-tools-for-stm32.7-2018-q2-update.win32_1.0.0.201904181610/tools/bin/../lib/gcc/arm-none-eabi/7.3.1/thumb/v7e-m/fpv4-sp/hard\libgcc.a
LOAD c:/st/stm32cubeide_1.3.0/stm32cubeide/plugins/com.st.stm32cube.ide.mcu.externaltools.gnu-tools-for-stm32.7-2018-q2-update.win32_1.0.0.201904181610/tools/bin/../lib/gcc/arm-none-eabi/7.3.1/../../../../arm-none-eabi/lib/thumb/v7e-m/fpv4-sp/hard\libc_nano.a
LOAD c:/st/stm32cubeide_1.3.0/stm32cubeide/plugins/com.st.stm32cube.ide.mcu.externaltools.gnu-tools-for-stm32.7-2018-q2-update.win32_1.0.0.201904181610/tools/bin/../lib/gcc/arm-none-eabi/7.3.1/../../../../arm-none-eabi/lib/thumb/v7e-m/fpv4-sp/hard\libnosys.a
END GROUP
LOAD c:/st/stm32cubeide_1.3.0/stm32cubeide/plugins/com.st.stm32cube.ide.mcu.externaltools.gnu-tools-for-stm32.7-2018-q2-update.win32_1.0.0.201904181610/tools/bin/../lib/gcc/arm-none-eabi/7.3.1/thumb/v7e-m/fpv4-sp/hard/crtend.o
LOAD c:/st/stm32cubeide_1.3.0/stm32cubeide/plugins/com.st.stm32cube.ide.mcu.externaltools.gnu-tools-for-stm32.7-2018-q2-update.win32_1.0.0.201904181610/tools/bin/../lib/gcc/arm-none-eabi/7.3.1/thumb/v7e-m/fpv4-sp/hard/crtn.o
                0x0000000020008000                _estack = (ORIGIN (RAM) + LENGTH (RAM))
                0x0000000000000200                _Min_Heap_Size = 0x200
                0x0000000000000400                _Min_Stack_Size = 0x400

.isr_vector     0x0000000008000000      0x1d8
                0x0000000008000000                . = ALIGN (0x4)
 *(.isr_vector)
 .isr_vector    0x0000000008000000      0x1d8 Application/Startup/startup_stm32g431cbux.o
                0x0000000008000000                g_pfnVectors
                0x00000000080001d8                . = ALIGN (0x4)

.text           0x00000000080001d8     0x9a5c
                0x00000000080001d8                . = ALIGN (0x4)
 *(.text)
 .text          0x00000000080001d8       0x40 c:/st/stm32cubeide_1.3.0/stm32cubeide/plugins/com.st.stm32cube.ide.mcu.externaltools.gnu-tools-for-stm32.7-2018-q2-update.win32_1.0.0.201904181610/tools/bin/../lib/gcc/arm-none-eabi/7.3.1/thumb/v7e-m/fpv4-sp/hard/crtbegin.o
 .text          0x0000000008000218       0x30 c:/st/stm32cubeide_1.3.0/stm32cubeide/plugins/com.st.stm32cube.ide.mcu.externaltools.gnu-tools-for-stm32.7-2018-q2-update.win32_1.0.0.201904181610/tools/bin/../lib/gcc/arm-none-eabi/7.3.1/thumb/v7e-m/fpv4-sp/hard\libgcc.a(_aeabi_uldivmod.o)
                0x0000000008000218                __aeabi_uldivmod
 .text          0x0000000008000248      0x2cc c:/st/stm32cubeide_1.3.0/stm32cubeide/plugins/com.st.stm32cube.ide.mcu.externaltools.gnu-tools-for-stm32.7-2018-q2-update.win32_1.0.0.201904181610/tools/bin/../lib/gcc/arm-none-eabi/7.3.1/thumb/v7e-m/fpv4-sp/hard\libgcc.a(_udivmoddi4.o)
                0x0000000008000248                __udivmoddi4
 .text          0x0000000008000514        0x4 c:/st/stm32cubeide_1.3.0/stm32cubeide/plugins/com.st.stm32cube.ide.mcu.externaltools.gnu-tools-for-stm32.7-2018-q2-update.win32_1.0.0.201904181610/tools/bin/../lib/gcc/arm-none-eabi/7.3.1/thumb/v7e-m/fpv4-sp/hard\libgcc.a(_dvmd_tls.o)
                0x0000000008000514                __aeabi_idiv0
                0x0000000008000514                __aeabi_ldiv0
 *(.text*)
 .text.Reset_Handler
                0x0000000008000518       0x50 Application/Startup/startup_stm32g431cbux.o
                0x0000000008000518                Reset_Handler
 .text.Default_Handler
                0x0000000008000568        0x2 Application/Startup/startup_stm32g431cbux.o
                0x0000000008000568                RTC_Alarm_IRQHandler
                0x0000000008000568                EXTI2_IRQHandler
                0x0000000008000568                TIM8_TRG_COM_IRQHandler
                0x0000000008000568                TIM8_CC_IRQHandler
                0x0000000008000568                DebugMon_Handler
                0x0000000008000568                TIM1_CC_IRQHandler
                0x0000000008000568                USB_HP_IRQHandler
                0x0000000008000568                CORDIC_IRQHandler
                0x0000000008000568                PendSV_Handler
                0x0000000008000568                NMI_Handler
                0x0000000008000568                EXTI3_IRQHandler
                0x0000000008000568                I2C3_ER_IRQHandler
                0x0000000008000568                EXTI0_IRQHandler
                0x0000000008000568                I2C2_EV_IRQHandler
                0x0000000008000568                FPU_IRQHandler
                0x0000000008000568                FDCAN1_IT1_IRQHandler
                0x0000000008000568                UsageFault_Handler
                0x0000000008000568                SPI1_IRQHandler
                0x0000000008000568                TIM6_DAC_IRQHandler
                0x0000000008000568                TIM8_UP_IRQHandler
                0x0000000008000568                DMA2_Channel2_IRQHandler
                0x0000000008000568                DMA1_Channel4_IRQHandler
                0x0000000008000568                USART3_IRQHandler
                0x0000000008000568                TIM4_IRQHandler
                0x0000000008000568                DMA2_Channel1_IRQHandler
                0x0000000008000568                I2C1_EV_IRQHandler
                0x0000000008000568                DMA1_Channel6_IRQHandler
                0x0000000008000568                UART4_IRQHandler
                0x0000000008000568                DMA2_Channel4_IRQHandler
                0x0000000008000568                TIM3_IRQHandler
                0x0000000008000568                RCC_IRQHandler
                0x0000000008000568                DMA1_Channel1_IRQHandler
                0x0000000008000568                Default_Handler
                0x0000000008000568                RTC_TAMP_LSECSS_IRQHandler
                0x0000000008000568                FMAC_IRQHandler
                0x0000000008000568                TIM7_IRQHandler
                0x0000000008000568                UCPD1_IRQHandler
                0x0000000008000568                I2C3_EV_IRQHandler
                0x0000000008000568                EXTI9_5_IRQHandler
                0x0000000008000568                RTC_WKUP_IRQHandler
                0x0000000008000568                PVD_PVM_IRQHandler
                0x0000000008000568                SPI2_IRQHandler
                0x0000000008000568                MemManage_Handler
                0x0000000008000568                SVC_Handler
                0x0000000008000568                DMA2_Channel5_IRQHandler
                0x0000000008000568                CRS_IRQHandler
                0x0000000008000568                DMA1_Channel5_IRQHandler
                0x0000000008000568                USB_LP_IRQHandler
                0x0000000008000568                EXTI4_IRQHandler
                0x0000000008000568                RNG_IRQHandler
                0x0000000008000568                TIM1_TRG_COM_TIM17_IRQHandler
                0x0000000008000568                DMA1_Channel3_IRQHandler
                0x0000000008000568                WWDG_IRQHandler
                0x0000000008000568                LPUART1_IRQHandler
                0x0000000008000568                DMA2_Channel6_IRQHandler
                0x0000000008000568                FDCAN1_IT0_IRQHandler
                0x0000000008000568                COMP1_2_3_IRQHandler
                0x0000000008000568                EXTI1_IRQHandler
                0x0000000008000568                I2C2_ER_IRQHandler
                0x0000000008000568                DMA1_Channel2_IRQHandler
                0x0000000008000568                TIM8_BRK_IRQHandler
                0x0000000008000568                FLASH_IRQHandler
                0x0000000008000568                BusFault_Handler
                0x0000000008000568                USART1_IRQHandler
                0x0000000008000568                SPI3_IRQHandler
                0x0000000008000568                I2C1_ER_IRQHandler
                0x0000000008000568                LPTIM1_IRQHandler
                0x0000000008000568                DMAMUX_OVR_IRQHandler
                0x0000000008000568                USBWakeUp_IRQHandler
                0x0000000008000568                SAI1_IRQHandler
                0x0000000008000568                DMA2_Channel3_IRQHandler
                0x0000000008000568                COMP4_IRQHandler
 *fill*         0x000000000800056a        0x2 
 .text.DAC_Init
                0x000000000800056c       0x10 Application/User/dac_ui.o
                0x000000000800056c                DAC_Init
 .text.DAC_Exec
                0x000000000800057c       0x38 Application/User/dac_ui.o
                0x000000000800057c                DAC_Exec
 .text.esc_boot
                0x00000000080005b4       0x34 Application/User/esc.o
                0x00000000080005b4                esc_boot
 .text.esc_pwm_control
                0x00000000080005e8      0x4c4 Application/User/esc.o
                0x00000000080005e8                esc_pwm_control
 .text.TIM2_IRQHandler
                0x0000000008000aac       0xac Application/User/esc.o
                0x0000000008000aac                TIM2_IRQHandler
 .text.SystemClock_Config
                0x0000000008000b58       0x80 Application/User/main.o
                0x0000000008000b58                SystemClock_Config
 .text.startup.main
                0x0000000008000bd8      0x5f0 Application/User/main.o
                0x0000000008000bd8                main
 .text.MC_StartMotor1
                0x00000000080011c8        0xc Application/User/mc_api.o
                0x00000000080011c8                MC_StartMotor1
 .text.MC_StopMotor1
                0x00000000080011d4        0xc Application/User/mc_api.o
                0x00000000080011d4                MC_StopMotor1
 .text.MC_AcknowledgeFaultMotor1
                0x00000000080011e0        0xc Application/User/mc_api.o
                0x00000000080011e0                MC_AcknowledgeFaultMotor1
 .text.MC_GetOccurredFaultsMotor1
                0x00000000080011ec        0xc Application/User/mc_api.o
                0x00000000080011ec                MC_GetOccurredFaultsMotor1
 .text.MC_GetSTMStateMotor1
                0x00000000080011f8        0xc Application/User/mc_api.o
                0x00000000080011f8                MC_GetSTMStateMotor1
 .text.MCI_Init
                0x0000000008001204       0x1c Application/User/mc_interface.o
                0x0000000008001204                MCI_Init
 .text.MCI_ExecSpeedRamp
                0x0000000008001220       0x10 Application/User/mc_interface.o
                0x0000000008001220                MCI_ExecSpeedRamp
 .text.MCI_ExecTorqueRamp
                0x0000000008001230       0x18 Application/User/mc_interface.o
                0x0000000008001230                MCI_ExecTorqueRamp
 .text.MCI_SetCurrentReferences
                0x0000000008001248       0x1c Application/User/mc_interface.o
                0x0000000008001248                MCI_SetCurrentReferences
 .text.MCI_StartMotor
                0x0000000008001264       0x14 Application/User/mc_interface.o
                0x0000000008001264                MCI_StartMotor
 .text.MCI_StopMotor
                0x0000000008001278        0x8 Application/User/mc_interface.o
                0x0000000008001278                MCI_StopMotor
 .text.MCI_FaultAcknowledged
                0x0000000008001280        0x8 Application/User/mc_interface.o
                0x0000000008001280                MCI_FaultAcknowledged
 .text.MCI_EncoderAlign
                0x0000000008001288        0x8 Application/User/mc_interface.o
                0x0000000008001288                MCI_EncoderAlign
 .text.MCI_ExecBufferedCommands
                0x0000000008001290       0x74 Application/User/mc_interface.o
                0x0000000008001290                MCI_ExecBufferedCommands
 .text.MCI_GetSTMState
                0x0000000008001304        0x8 Application/User/mc_interface.o
                0x0000000008001304                MCI_GetSTMState
 .text.MCI_GetOccurredFaults
                0x000000000800130c        0xc Application/User/mc_interface.o
                0x000000000800130c                MCI_GetOccurredFaults
 .text.MCI_GetControlMode
                0x0000000008001318        0x4 Application/User/mc_interface.o
                0x0000000008001318                MCI_GetControlMode
 .text.MCI_GetImposedMotorDirection
                0x000000000800131c       0x44 Application/User/mc_interface.o
                0x000000000800131c                MCI_GetImposedMotorDirection
 .text.MCI_GetLastRampFinalSpeed
                0x0000000008001360       0x10 Application/User/mc_interface.o
                0x0000000008001360                MCI_GetLastRampFinalSpeed
 .text.MCI_StopRamp
                0x0000000008001370        0x8 Application/User/mc_interface.o
                0x0000000008001370                MCI_StopRamp
 .text.MCI_GetAvrgMecSpeedUnit
                0x0000000008001378       0x10 Application/User/mc_interface.o
                0x0000000008001378                MCI_GetAvrgMecSpeedUnit
 .text.MCI_GetMecSpeedRefUnit
                0x0000000008001388        0x8 Application/User/mc_interface.o
                0x0000000008001388                MCI_GetMecSpeedRefUnit
 .text.MCI_GetIab
                0x0000000008001390       0x10 Application/User/mc_interface.o
                0x0000000008001390                MCI_GetIab
 .text.MCI_GetIalphabeta
                0x00000000080013a0       0x10 Application/User/mc_interface.o
                0x00000000080013a0                MCI_GetIalphabeta
 .text.MCI_GetIqd
                0x00000000080013b0       0x10 Application/User/mc_interface.o
                0x00000000080013b0                MCI_GetIqd
 .text.MCI_GetIqdref
                0x00000000080013c0       0x10 Application/User/mc_interface.o
                0x00000000080013c0                MCI_GetIqdref
 .text.MCI_GetVqd
                0x00000000080013d0       0x14 Application/User/mc_interface.o
                0x00000000080013d0                MCI_GetVqd
 .text.MCI_GetValphabeta
                0x00000000080013e4       0x14 Application/User/mc_interface.o
                0x00000000080013e4                MCI_GetValphabeta
 .text.MCI_GetTeref
                0x00000000080013f8        0x8 Application/User/mc_interface.o
                0x00000000080013f8                MCI_GetTeref
 .text.MCI_SetIdref
                0x0000000008001400        0x8 Application/User/mc_interface.o
                0x0000000008001400                MCI_SetIdref
 .text.MCI_Clear_Iqdref
                0x0000000008001408       0x14 Application/User/mc_interface.o
                0x0000000008001408                MCI_Clear_Iqdref
 .text.MCM_Clarke
                0x000000000800141c       0x4c Application/User/mc_math.o
                0x000000000800141c                MCM_Clarke
 .text.MCM_Trig_Functions
                0x0000000008001468       0x30 Application/User/mc_math.o
                0x0000000008001468                MCM_Trig_Functions
 .text.MCM_Park
                0x0000000008001498       0x74 Application/User/mc_math.o
                0x0000000008001498                MCM_Park
 .text.MCM_Rev_Park
                0x000000000800150c       0x3c Application/User/mc_math.o
                0x000000000800150c                MCM_Rev_Park
 .text.FOC_Clear
                0x0000000008001548       0x7c Application/User/mc_tasks.o
                0x0000000008001548                FOC_Clear
 .text.MCboot   0x00000000080015c4      0x20c Application/User/mc_tasks.o
                0x00000000080015c4                MCboot
 .text.FOC_InitAdditionalMethods
                0x00000000080017d0        0x4 Application/User/mc_tasks.o
                0x00000000080017d0                FOC_InitAdditionalMethods
 .text.FOC_CalcCurrRef
                0x00000000080017d4       0x2c Application/User/mc_tasks.o
                0x00000000080017d4                FOC_CalcCurrRef
 .text.TSK_SetChargeBootCapDelayM1
                0x0000000008001800        0xc Application/User/mc_tasks.o
                0x0000000008001800                TSK_SetChargeBootCapDelayM1
 .text.TSK_ChargeBootCapDelayHasElapsedM1
                0x000000000800180c       0x14 Application/User/mc_tasks.o
                0x000000000800180c                TSK_ChargeBootCapDelayHasElapsedM1
 .text.TSK_SetStopPermanencyTimeM1
                0x0000000008001820        0xc Application/User/mc_tasks.o
                0x0000000008001820                TSK_SetStopPermanencyTimeM1
 .text.TSK_StopPermanencyTimeHasElapsedM1
                0x000000000800182c       0x14 Application/User/mc_tasks.o
                0x000000000800182c                TSK_StopPermanencyTimeHasElapsedM1
 .text.TSK_MediumFrequencyTaskM1
                0x0000000008001840      0x288 Application/User/mc_tasks.o
                0x0000000008001840                TSK_MediumFrequencyTaskM1
 .text.MC_Scheduler
                0x0000000008001ac8       0x5c Application/User/mc_tasks.o
                0x0000000008001ac8                MC_Scheduler
 .text.TSK_HighFrequencyTask
                0x0000000008001b24      0x188 Application/User/mc_tasks.o
                0x0000000008001b24                TSK_HighFrequencyTask
 .text.TSK_SafetyTask_PWMOFF
                0x0000000008001cac       0x98 Application/User/mc_tasks.o
                0x0000000008001cac                TSK_SafetyTask_PWMOFF
 .text.TSK_SafetyTask
                0x0000000008001d44       0x20 Application/User/mc_tasks.o
                0x0000000008001d44                TSK_SafetyTask
 .text.MC_RunMotorControlTasks
                0x0000000008001d64       0x20 Application/User/mc_tasks.o
                0x0000000008001d64                MC_RunMotorControlTasks
 .text.TSK_HardwareFaultTask
                0x0000000008001d84       0x20 Application/User/mc_tasks.o
                0x0000000008001d84                TSK_HardwareFaultTask
 .text.mc_lock_pins
                0x0000000008001da4      0x16c Application/User/mc_tasks.o
                0x0000000008001da4                mc_lock_pins
 .text.MCP_ReceivedFrame
                0x0000000008001f10      0x668 Application/User/motor_control_protocol.o
                0x0000000008001f10                MCP_ReceivedFrame
 .text.MCP_WaitNextFrame
                0x0000000008002578       0x1c Application/User/motor_control_protocol.o
                0x0000000008002578                MCP_WaitNextFrame
 .text.MCP_Init
                0x0000000008002594       0x48 Application/User/motor_control_protocol.o
                0x0000000008002594                MCP_Init
 .text.MCP_OnTimeOut
                0x00000000080025dc        0x8 Application/User/motor_control_protocol.o
                0x00000000080025dc                MCP_OnTimeOut
 .text.MCP_SentFrame
                0x00000000080025e4        0x8 Application/User/motor_control_protocol.o
                0x00000000080025e4                MCP_SentFrame
 .text.MX_MotorControl_Init
                0x00000000080025ec       0x4c Application/User/motorcontrol.o
                0x00000000080025ec                MX_MotorControl_Init
 .text.RCM_RegisterRegConv
                0x0000000008002638      0x180 Application/User/regular_conversion_manager.o
                0x0000000008002638                RCM_RegisterRegConv
 .text.RCM_ExecRegularConv
                0x00000000080027b8       0x6c Application/User/regular_conversion_manager.o
                0x00000000080027b8                RCM_ExecRegularConv
 .text.RCM_ExecUserConv
                0x0000000008002824       0xa4 Application/User/regular_conversion_manager.o
                0x0000000008002824                RCM_ExecUserConv
 .text.HAL_MspInit
                0x00000000080028c8       0x48 Application/User/stm32g4xx_hal_msp.o
                0x00000000080028c8                HAL_MspInit
 .text.HAL_ADC_MspInit
                0x0000000008002910       0xf0 Application/User/stm32g4xx_hal_msp.o
                0x0000000008002910                HAL_ADC_MspInit
 .text.HAL_COMP_MspInit
                0x0000000008002a00       0xc8 Application/User/stm32g4xx_hal_msp.o
                0x0000000008002a00                HAL_COMP_MspInit
 .text.HAL_CORDIC_MspInit
                0x0000000008002ac8       0x30 Application/User/stm32g4xx_hal_msp.o
                0x0000000008002ac8                HAL_CORDIC_MspInit
 .text.HAL_DAC_MspInit
                0x0000000008002af8       0x64 Application/User/stm32g4xx_hal_msp.o
                0x0000000008002af8                HAL_DAC_MspInit
 .text.HAL_OPAMP_MspInit
                0x0000000008002b5c       0xc4 Application/User/stm32g4xx_hal_msp.o
                0x0000000008002b5c                HAL_OPAMP_MspInit
 .text.HAL_TIM_Base_MspInit
                0x0000000008002c20       0x8c Application/User/stm32g4xx_hal_msp.o
                0x0000000008002c20                HAL_TIM_Base_MspInit
 .text.HAL_TIM_MspPostInit
                0x0000000008002cac       0xb4 Application/User/stm32g4xx_hal_msp.o
                0x0000000008002cac                HAL_TIM_MspPostInit
 .text.HAL_UART_MspInit
                0x0000000008002d60       0x68 Application/User/stm32g4xx_hal_msp.o
                0x0000000008002d60                HAL_UART_MspInit
 .text.ADC1_2_IRQHandler
                0x0000000008002dc8       0x18 Application/User/stm32g4xx_mc_it.o
                0x0000000008002dc8                ADC1_2_IRQHandler
 .text.TIM1_UP_TIM16_IRQHandler
                0x0000000008002de0       0x18 Application/User/stm32g4xx_mc_it.o
                0x0000000008002de0                TIM1_UP_TIM16_IRQHandler
 .text.TIM1_BRK_TIM15_IRQHandler
                0x0000000008002df8       0x3c Application/User/stm32g4xx_mc_it.o
                0x0000000008002df8                TIM1_BRK_TIM15_IRQHandler
 .text.USART2_IRQHandler
                0x0000000008002e34       0x6c Application/User/stm32g4xx_mc_it.o
                0x0000000008002e34                USART2_IRQHandler
 .text.HardFault_Handler
                0x0000000008002ea0       0x74 Application/User/stm32g4xx_mc_it.o
                0x0000000008002ea0                HardFault_Handler
 .text.SysTick_Handler
                0x0000000008002f14       0x30 Application/User/stm32g4xx_mc_it.o
                0x0000000008002f14                SysTick_Handler
 .text.EXTI15_10_IRQHandler
                0x0000000008002f44       0x18 Application/User/stm32g4xx_mc_it.o
                0x0000000008002f44                EXTI15_10_IRQHandler
 .text.UI_TaskInit
                0x0000000008002f5c       0xe0 Application/User/ui_task.o
                0x0000000008002f5c                UI_TaskInit
 .text.UI_Scheduler
                0x000000000800303c       0x40 Application/User/ui_task.o
                0x000000000800303c                UI_Scheduler
 .text.UI_DACUpdate
                0x000000000800307c       0x20 Application/User/ui_task.o
                0x000000000800307c                UI_DACUpdate
 .text.UI_IdleTimeHasElapsed
                0x000000000800309c       0x14 Application/User/ui_task.o
                0x000000000800309c                UI_IdleTimeHasElapsed
 .text.UI_SetIdleTime
                0x00000000080030b0        0xc Application/User/ui_task.o
                0x00000000080030b0                UI_SetIdleTime
 .text.UI_SerialCommunicationTimeOutStop
                0x00000000080030bc        0xc Application/User/ui_task.o
                0x00000000080030bc                UI_SerialCommunicationTimeOutStop
 .text.UI_SerialCommunicationTimeOutStart
                0x00000000080030c8        0xc Application/User/ui_task.o
                0x00000000080030c8                UI_SerialCommunicationTimeOutStart
 .text.UI_HandleStartStopButton_cb
                0x00000000080030d4       0x18 Application/User/ui_task.o
                0x00000000080030d4                UI_HandleStartStopButton_cb
 .text.UI_Init  0x00000000080030ec       0x18 Application/User/user_interface.o
                0x00000000080030ec                UI_Init
 .text.UI_SelectMC
                0x0000000008003104       0x10 Application/User/user_interface.o
                0x0000000008003104                UI_SelectMC
 .text.UI_GetSelectedMC
                0x0000000008003114        0x8 Application/User/user_interface.o
                0x0000000008003114                UI_GetSelectedMC
 .text.UI_SetReg
                0x000000000800311c      0x2e0 Application/User/user_interface.o
                0x000000000800311c                UI_SetReg
 .text.UI_ExecCmd
                0x00000000080033fc       0x7c Application/User/user_interface.o
                0x00000000080033fc                UI_ExecCmd
 .text.UI_ExecSpeedRamp
                0x0000000008003478       0x24 Application/User/user_interface.o
                0x0000000008003478                UI_ExecSpeedRamp
 .text.UI_ExecTorqueRamp
                0x000000000800349c       0x14 Application/User/user_interface.o
                0x000000000800349c                UI_ExecTorqueRamp
 .text.UI_GetRevupData
                0x00000000080034b0       0x3c Application/User/user_interface.o
                0x00000000080034b0                UI_GetRevupData
 .text.UI_SetRevupData
                0x00000000080034ec       0x34 Application/User/user_interface.o
                0x00000000080034ec                UI_SetRevupData
 .text.UI_SetCurrentReferences
                0x0000000008003520       0x1c Application/User/user_interface.o
                0x0000000008003520                UI_SetCurrentReferences
 .text.UI_GetMPInfo
                0x000000000800353c        0x4 Application/User/user_interface.o
                0x000000000800353c                UI_GetMPInfo
 .text.UI_DACInit
                0x0000000008003540        0x8 Application/User/user_interface.o
                0x0000000008003540                UI_DACInit
 .text.UI_DACExec
                0x0000000008003548        0x8 Application/User/user_interface.o
                0x0000000008003548                UI_DACExec
 .text.UI_SetDAC
                0x0000000008003550        0x8 Application/User/user_interface.o
                0x0000000008003550                UI_SetDAC
 .text.UI_GetDAC
                0x0000000008003558        0xc Application/User/user_interface.o
                0x0000000008003558                UI_GetDAC
 .text.UI_GetReg
                0x0000000008003564      0x630 Application/User/user_interface.o
                0x0000000008003564                UI_GetReg
 .text.SystemInit
                0x0000000008003b94       0x1c Drivers/CMSIS/system_stm32g4xx.o
                0x0000000008003b94                SystemInit
 .text.HAL_InitTick
                0x0000000008003bb0       0x4c Drivers/STM32G4xx_HAL_Driver/stm32g4xx_hal.o
                0x0000000008003bb0                HAL_InitTick
 .text.HAL_Init
                0x0000000008003bfc       0x28 Drivers/STM32G4xx_HAL_Driver/stm32g4xx_hal.o
                0x0000000008003bfc                HAL_Init
 .text.HAL_IncTick
                0x0000000008003c24       0x18 Drivers/STM32G4xx_HAL_Driver/stm32g4xx_hal.o
                0x0000000008003c24                HAL_IncTick
 .text.HAL_GetTick
                0x0000000008003c3c        0xc Drivers/STM32G4xx_HAL_Driver/stm32g4xx_hal.o
                0x0000000008003c3c                HAL_GetTick
 .text.HAL_Delay
                0x0000000008003c48       0x24 Drivers/STM32G4xx_HAL_Driver/stm32g4xx_hal.o
                0x0000000008003c48                HAL_Delay
 .text.HAL_ADC_Init
                0x0000000008003c6c      0x21c Drivers/STM32G4xx_HAL_Driver/stm32g4xx_hal_adc.o
                0x0000000008003c6c                HAL_ADC_Init
 .text.HAL_ADC_ConfigChannel
                0x0000000008003e88      0x428 Drivers/STM32G4xx_HAL_Driver/stm32g4xx_hal_adc.o
                0x0000000008003e88                HAL_ADC_ConfigChannel
 .text.HAL_ADCEx_InjectedConfigChannel
                0x00000000080042b0      0x544 Drivers/STM32G4xx_HAL_Driver/stm32g4xx_hal_adc_ex.o
                0x00000000080042b0                HAL_ADCEx_InjectedConfigChannel
 .text.HAL_ADCEx_MultiModeConfigChannel
                0x00000000080047f4       0xd4 Drivers/STM32G4xx_HAL_Driver/stm32g4xx_hal_adc_ex.o
                0x00000000080047f4                HAL_ADCEx_MultiModeConfigChannel
 .text.HAL_COMP_Init
                0x00000000080048c8      0x148 Drivers/STM32G4xx_HAL_Driver/stm32g4xx_hal_comp.o
                0x00000000080048c8                HAL_COMP_Init
 .text.HAL_CORDIC_Init
                0x0000000008004a10       0x34 Drivers/STM32G4xx_HAL_Driver/stm32g4xx_hal_cordic.o
                0x0000000008004a10                HAL_CORDIC_Init
 .text.HAL_NVIC_SetPriorityGrouping
                0x0000000008004a44       0x24 Drivers/STM32G4xx_HAL_Driver/stm32g4xx_hal_cortex.o
                0x0000000008004a44                HAL_NVIC_SetPriorityGrouping
 .text.HAL_NVIC_SetPriority
                0x0000000008004a68       0x6c Drivers/STM32G4xx_HAL_Driver/stm32g4xx_hal_cortex.o
                0x0000000008004a68                HAL_NVIC_SetPriority
 .text.HAL_NVIC_EnableIRQ
                0x0000000008004ad4       0x1c Drivers/STM32G4xx_HAL_Driver/stm32g4xx_hal_cortex.o
                0x0000000008004ad4                HAL_NVIC_EnableIRQ
 .text.HAL_SYSTICK_Config
                0x0000000008004af0       0x34 Drivers/STM32G4xx_HAL_Driver/stm32g4xx_hal_cortex.o
                0x0000000008004af0                HAL_SYSTICK_Config
 .text.HAL_SYSTICK_Callback
                0x0000000008004b24        0x4 Drivers/STM32G4xx_HAL_Driver/stm32g4xx_hal_cortex.o
                0x0000000008004b24                HAL_SYSTICK_Callback
 .text.HAL_SYSTICK_IRQHandler
                0x0000000008004b28        0x8 Drivers/STM32G4xx_HAL_Driver/stm32g4xx_hal_cortex.o
                0x0000000008004b28                HAL_SYSTICK_IRQHandler
 .text.HAL_DAC_Init
                0x0000000008004b30       0x2c Drivers/STM32G4xx_HAL_Driver/stm32g4xx_hal_dac.o
                0x0000000008004b30                HAL_DAC_Init
 .text.HAL_DAC_ConfigChannel
                0x0000000008004b5c      0x1d0 Drivers/STM32G4xx_HAL_Driver/stm32g4xx_hal_dac.o
                0x0000000008004b5c                HAL_DAC_ConfigChannel
 .text.HAL_GPIO_Init
                0x0000000008004d2c      0x1cc Drivers/STM32G4xx_HAL_Driver/stm32g4xx_hal_gpio.o
                0x0000000008004d2c                HAL_GPIO_Init
 .text.HAL_GPIO_WritePin
                0x0000000008004ef8        0xc Drivers/STM32G4xx_HAL_Driver/stm32g4xx_hal_gpio.o
                0x0000000008004ef8                HAL_GPIO_WritePin
 .text.HAL_OPAMP_Init
                0x0000000008004f04      0x108 Drivers/STM32G4xx_HAL_Driver/stm32g4xx_hal_opamp.o
                0x0000000008004f04                HAL_OPAMP_Init
 .text.HAL_PWREx_ControlVoltageScaling
                0x000000000800500c       0xfc Drivers/STM32G4xx_HAL_Driver/stm32g4xx_hal_pwr_ex.o
                0x000000000800500c                HAL_PWREx_ControlVoltageScaling
 .text.HAL_RCC_OscConfig
                0x0000000008005108      0x4a4 Drivers/STM32G4xx_HAL_Driver/stm32g4xx_hal_rcc.o
                0x0000000008005108                HAL_RCC_OscConfig
 .text.HAL_RCC_ClockConfig
                0x00000000080055ac      0x2dc Drivers/STM32G4xx_HAL_Driver/stm32g4xx_hal_rcc.o
                0x00000000080055ac                HAL_RCC_ClockConfig
 .text.HAL_RCC_GetSysClockFreq
                0x0000000008005888       0x70 Drivers/STM32G4xx_HAL_Driver/stm32g4xx_hal_rcc.o
                0x0000000008005888                HAL_RCC_GetSysClockFreq
 .text.HAL_RCC_GetHCLKFreq
                0x00000000080058f8        0xc Drivers/STM32G4xx_HAL_Driver/stm32g4xx_hal_rcc.o
                0x00000000080058f8                HAL_RCC_GetHCLKFreq
 .text.HAL_RCC_GetPCLK1Freq
                0x0000000008005904       0x24 Drivers/STM32G4xx_HAL_Driver/stm32g4xx_hal_rcc.o
                0x0000000008005904                HAL_RCC_GetPCLK1Freq
 .text.HAL_RCC_GetPCLK2Freq
                0x0000000008005928       0x24 Drivers/STM32G4xx_HAL_Driver/stm32g4xx_hal_rcc.o
                0x0000000008005928                HAL_RCC_GetPCLK2Freq
 .text.HAL_RCC_EnableCSS
                0x000000000800594c       0x10 Drivers/STM32G4xx_HAL_Driver/stm32g4xx_hal_rcc.o
                0x000000000800594c                HAL_RCC_EnableCSS
 .text.HAL_RCCEx_PeriphCLKConfig
                0x000000000800595c      0x298 Drivers/STM32G4xx_HAL_Driver/stm32g4xx_hal_rcc_ex.o
                0x000000000800595c                HAL_RCCEx_PeriphCLKConfig
 .text.HAL_TIM_Base_Init
                0x0000000008005bf4      0x110 Drivers/STM32G4xx_HAL_Driver/stm32g4xx_hal_tim.o
                0x0000000008005bf4                HAL_TIM_Base_Init
 .text.HAL_TIM_PWM_MspInit
                0x0000000008005d04        0x4 Drivers/STM32G4xx_HAL_Driver/stm32g4xx_hal_tim.o
                0x0000000008005d04                HAL_TIM_PWM_MspInit
 .text.HAL_TIM_PWM_Init
                0x0000000008005d08      0x110 Drivers/STM32G4xx_HAL_Driver/stm32g4xx_hal_tim.o
                0x0000000008005d08                HAL_TIM_PWM_Init
 .text.HAL_TIM_IC_MspInit
                0x0000000008005e18        0x4 Drivers/STM32G4xx_HAL_Driver/stm32g4xx_hal_tim.o
                0x0000000008005e18                HAL_TIM_IC_MspInit
 .text.HAL_TIM_IC_Init
                0x0000000008005e1c      0x110 Drivers/STM32G4xx_HAL_Driver/stm32g4xx_hal_tim.o
                0x0000000008005e1c                HAL_TIM_IC_Init
 .text.HAL_TIM_IC_ConfigChannel
                0x0000000008005f2c      0x17c Drivers/STM32G4xx_HAL_Driver/stm32g4xx_hal_tim.o
                0x0000000008005f2c                HAL_TIM_IC_ConfigChannel
 .text.HAL_TIM_PWM_ConfigChannel
                0x00000000080060a8      0x3bc Drivers/STM32G4xx_HAL_Driver/stm32g4xx_hal_tim.o
                0x00000000080060a8                HAL_TIM_PWM_ConfigChannel
 .text.HAL_TIM_SlaveConfigSynchro
                0x0000000008006464      0x104 Drivers/STM32G4xx_HAL_Driver/stm32g4xx_hal_tim.o
                0x0000000008006464                HAL_TIM_SlaveConfigSynchro
 .text.HAL_TIMEx_MasterConfigSynchronization
                0x0000000008006568       0x64 Drivers/STM32G4xx_HAL_Driver/stm32g4xx_hal_tim_ex.o
                0x0000000008006568                HAL_TIMEx_MasterConfigSynchronization
 .text.HAL_TIMEx_ConfigBreakDeadTime
                0x00000000080065cc       0x9c Drivers/STM32G4xx_HAL_Driver/stm32g4xx_hal_tim_ex.o
                0x00000000080065cc                HAL_TIMEx_ConfigBreakDeadTime
 .text.HAL_TIMEx_ConfigBreakInput
                0x0000000008006668       0xb4 Drivers/STM32G4xx_HAL_Driver/stm32g4xx_hal_tim_ex.o
                0x0000000008006668                HAL_TIMEx_ConfigBreakInput
 .text.UART_AdvFeatureConfig
                0x000000000800671c       0xb0 Drivers/STM32G4xx_HAL_Driver/stm32g4xx_hal_uart.o
                0x000000000800671c                UART_AdvFeatureConfig
 *fill*         0x00000000080067cc        0x4 
 .text.HAL_UART_Init
                0x00000000080067d0      0xbc8 Drivers/STM32G4xx_HAL_Driver/stm32g4xx_hal_uart.o
                0x00000000080067d0                HAL_UART_Init
 .text.HAL_UARTEx_DisableFifoMode
                0x0000000008007398       0x3c Drivers/STM32G4xx_HAL_Driver/stm32g4xx_hal_uart_ex.o
                0x0000000008007398                HAL_UARTEx_DisableFifoMode
 .text.HAL_UARTEx_SetTxFifoThreshold
                0x00000000080073d4       0xa4 Drivers/STM32G4xx_HAL_Driver/stm32g4xx_hal_uart_ex.o
                0x00000000080073d4                HAL_UARTEx_SetTxFifoThreshold
 .text.HAL_UARTEx_SetRxFifoThreshold
                0x0000000008007478       0xa4 Drivers/STM32G4xx_HAL_Driver/stm32g4xx_hal_uart_ex.o
                0x0000000008007478                HAL_UARTEx_SetRxFifoThreshold
 .text.VBS_GetAvBusVoltage_d
                0x000000000800751c        0x4 Middlewares/MotorControl/bus_voltage_sensor.o
                0x000000000800751c                VBS_GetAvBusVoltage_d
 .text.VBS_GetAvBusVoltage_V
                0x0000000008007520        0xc Middlewares/MotorControl/bus_voltage_sensor.o
                0x0000000008007520                VBS_GetAvBusVoltage_V
 .text.Circle_Limitation
                0x000000000800752c       0x64 Middlewares/MotorControl/circle_limitation.o
                0x000000000800752c                Circle_Limitation
 .text.DAC_SetChannelConfig
                0x0000000008007590        0x8 Middlewares/MotorControl/dac_common_ui.o
                0x0000000008007590                DAC_SetChannelConfig
 .text.DAC_GetChannelConfig
                0x0000000008007598        0x8 Middlewares/MotorControl/dac_common_ui.o
                0x0000000008007598                DAC_GetChannelConfig
 .text.DAC_SetUserChannelValue
                0x00000000080075a0        0x8 Middlewares/MotorControl/dac_common_ui.o
                0x00000000080075a0                DAC_SetUserChannelValue
 .text.DAC_GetUserChannelValue
                0x00000000080075a8        0xc Middlewares/MotorControl/dac_common_ui.o
                0x00000000080075a8                DAC_GetUserChannelValue
 .text.FCP_Init
                0x00000000080075b4       0x1c Middlewares/MotorControl/frame_communication_protocol.o
                0x00000000080075b4                FCP_Init
 .text.FCP_SetClient
                0x00000000080075d0       0x10 Middlewares/MotorControl/frame_communication_protocol.o
                0x00000000080075d0                FCP_SetClient
 .text.FCP_CalcCRC
                0x00000000080075e0       0x2c Middlewares/MotorControl/frame_communication_protocol.o
                0x00000000080075e0                FCP_CalcCRC
 .text.MPM_Clear
                0x000000000800760c       0x14 Middlewares/MotorControl/motor_power_measurement.o
                0x000000000800760c                MPM_Clear
 .text.MPM_CalcElMotorPower
                0x0000000008007620       0x40 Middlewares/MotorControl/motor_power_measurement.o
                0x0000000008007620                MPM_CalcElMotorPower
 .text.MPM_GetAvrgElMotorPowerW
                0x0000000008007660        0x8 Middlewares/MotorControl/motor_power_measurement.o
                0x0000000008007660                MPM_GetAvrgElMotorPowerW
 .text.NTC_SetFaultState
                0x0000000008007668       0x1c Middlewares/MotorControl/ntc_temperature_sensor.o
                0x0000000008007668                NTC_SetFaultState
 .text.NTC_Clear
                0x0000000008007684        0x8 Middlewares/MotorControl/ntc_temperature_sensor.o
                0x0000000008007684                NTC_Clear
 .text.NTC_Init
                0x000000000800768c       0x24 Middlewares/MotorControl/ntc_temperature_sensor.o
                0x000000000800768c                NTC_Init
 .text.NTC_CalcAvTemp
                0x00000000080076b0       0x3c Middlewares/MotorControl/ntc_temperature_sensor.o
                0x00000000080076b0                NTC_CalcAvTemp
 .text.NTC_GetAvTemp_C
                0x00000000080076ec       0x2c Middlewares/MotorControl/ntc_temperature_sensor.o
                0x00000000080076ec                NTC_GetAvTemp_C
 .text.PID_HandleInit
                0x0000000008007718       0x10 Middlewares/MotorControl/pid_regulator.o
                0x0000000008007718                PID_HandleInit
 .text.PID_SetKP
                0x0000000008007728        0x4 Middlewares/MotorControl/pid_regulator.o
                0x0000000008007728                PID_SetKP
 .text.PID_SetKI
                0x000000000800772c        0x4 Middlewares/MotorControl/pid_regulator.o
                0x000000000800772c                PID_SetKI
 .text.PID_GetKP
                0x0000000008007730        0x8 Middlewares/MotorControl/pid_regulator.o
                0x0000000008007730                PID_GetKP
 .text.PID_GetKI
                0x0000000008007738        0x8 Middlewares/MotorControl/pid_regulator.o
                0x0000000008007738                PID_GetKI
 .text.PID_SetIntegralTerm
                0x0000000008007740        0x4 Middlewares/MotorControl/pid_regulator.o
                0x0000000008007740                PID_SetIntegralTerm
 .text.PID_GetKPDivisor
                0x0000000008007744        0x4 Middlewares/MotorControl/pid_regulator.o
                0x0000000008007744                PID_GetKPDivisor
 .text.PID_GetKIDivisor
                0x0000000008007748        0x4 Middlewares/MotorControl/pid_regulator.o
                0x0000000008007748                PID_GetKIDivisor
 .text.PID_SetKD
                0x000000000800774c        0x4 Middlewares/MotorControl/pid_regulator.o
                0x000000000800774c                PID_SetKD
 .text.PID_GetKD
                0x0000000008007750        0x8 Middlewares/MotorControl/pid_regulator.o
                0x0000000008007750                PID_GetKD
 .text.PI_Controller
                0x0000000008007758       0x88 Middlewares/MotorControl/pid_regulator.o
                0x0000000008007758                PI_Controller
 .text.PQD_CalcElMotorPower
                0x00000000080077e0       0x6c Middlewares/MotorControl/pqd_motor_power_measurement.o
                0x00000000080077e0                PQD_CalcElMotorPower
 .text.startTimers
                0x000000000800784c       0x70 Middlewares/MotorControl/pwm_common.o
                0x000000000800784c                startTimers
 .text.waitForPolarizationEnd
                0x00000000080078bc       0x40 Middlewares/MotorControl/pwm_common.o
                0x00000000080078bc                waitForPolarizationEnd
 .text.PWMC_GetPhaseCurrents
                0x00000000080078fc        0x4 Middlewares/MotorControl/pwm_curr_fdbk.o
                0x00000000080078fc                PWMC_GetPhaseCurrents
 .text.PWMC_SetPhaseVoltage
                0x0000000008007900      0x228 Middlewares/MotorControl/pwm_curr_fdbk.o
                0x0000000008007900                PWMC_SetPhaseVoltage
 .text.PWMC_SwitchOffPWM
                0x0000000008007b28        0x4 Middlewares/MotorControl/pwm_curr_fdbk.o
                0x0000000008007b28                PWMC_SwitchOffPWM
 .text.PWMC_CurrentReadingCalibr
                0x0000000008007b2c       0x54 Middlewares/MotorControl/pwm_curr_fdbk.o
                0x0000000008007b2c                PWMC_CurrentReadingCalibr
 .text.PWMC_CheckOverCurrent
                0x0000000008007b80        0x4 Middlewares/MotorControl/pwm_curr_fdbk.o
                0x0000000008007b80                PWMC_CheckOverCurrent
 .text.R3_2_GetPhaseCurrents
                0x0000000008007b84      0x18c Middlewares/MotorControl/r3_2_g4xx_pwm_curr_fdbk.o
                0x0000000008007b84                R3_2_GetPhaseCurrents
 .text.R3_2_SetADCSampPointPolarization
                0x0000000008007d10       0x3c Middlewares/MotorControl/r3_2_g4xx_pwm_curr_fdbk.o
                0x0000000008007d10                R3_2_SetADCSampPointPolarization
 .text.R3_2_SetADCSampPointSectX
                0x0000000008007d4c       0x74 Middlewares/MotorControl/r3_2_g4xx_pwm_curr_fdbk.o
                0x0000000008007d4c                R3_2_SetADCSampPointSectX
 .text.R3_2_HFCurrentsPolarizationAB
                0x0000000008007dc0       0x44 Middlewares/MotorControl/r3_2_g4xx_pwm_curr_fdbk.o
 .text.R3_2_HFCurrentsPolarizationC
                0x0000000008007e04       0x3c Middlewares/MotorControl/r3_2_g4xx_pwm_curr_fdbk.o
 .text.R3_2_TurnOnLowSides
                0x0000000008007e40       0x50 Middlewares/MotorControl/r3_2_g4xx_pwm_curr_fdbk.o
                0x0000000008007e40                R3_2_TurnOnLowSides
 .text.R3_2_SwitchOnPWM
                0x0000000008007e90       0x88 Middlewares/MotorControl/r3_2_g4xx_pwm_curr_fdbk.o
                0x0000000008007e90                R3_2_SwitchOnPWM
 .text.R3_2_SwitchOffPWM
                0x0000000008007f18       0x5c Middlewares/MotorControl/r3_2_g4xx_pwm_curr_fdbk.o
                0x0000000008007f18                R3_2_SwitchOffPWM
 .text.R3_2_RLGetPhaseCurrents
                0x0000000008007f74       0x58 Middlewares/MotorControl/r3_2_g4xx_pwm_curr_fdbk.o
 .text.R3_2_RLTurnOnLowSides
                0x0000000008007fcc       0x44 Middlewares/MotorControl/r3_2_g4xx_pwm_curr_fdbk.o
 .text.R3_2_RLSwitchOnPWM
                0x0000000008008010       0xa4 Middlewares/MotorControl/r3_2_g4xx_pwm_curr_fdbk.o
 .text.R3_2_Init
                0x00000000080080b4      0x4c0 Middlewares/MotorControl/r3_2_g4xx_pwm_curr_fdbk.o
                0x00000000080080b4                R3_2_Init
 .text.R3_2_CurrentReadingPolarization
                0x0000000008008574      0x134 Middlewares/MotorControl/r3_2_g4xx_pwm_curr_fdbk.o
                0x0000000008008574                R3_2_CurrentReadingPolarization
 .text.R3_2_TIMx_UP_IRQHandler
                0x00000000080086a8       0x98 Middlewares/MotorControl/r3_2_g4xx_pwm_curr_fdbk.o
                0x00000000080086a8                R3_2_TIMx_UP_IRQHandler
 .text.R3_2_BRK2_IRQHandler
                0x0000000008008740       0x40 Middlewares/MotorControl/r3_2_g4xx_pwm_curr_fdbk.o
                0x0000000008008740                R3_2_BRK2_IRQHandler
 .text.R3_2_BRK_IRQHandler
                0x0000000008008780       0x20 Middlewares/MotorControl/r3_2_g4xx_pwm_curr_fdbk.o
                0x0000000008008780                R3_2_BRK_IRQHandler
 .text.R3_2_IsOverCurrentOccurred
                0x00000000080087a0       0x28 Middlewares/MotorControl/r3_2_g4xx_pwm_curr_fdbk.o
                0x00000000080087a0                R3_2_IsOverCurrentOccurred
 .text.R3_2_RLDetectionModeEnable
                0x00000000080087c8       0xd0 Middlewares/MotorControl/r3_2_g4xx_pwm_curr_fdbk.o
                0x00000000080087c8                R3_2_RLDetectionModeEnable
 .text.R3_2_RLDetectionModeDisable
                0x0000000008008898      0x128 Middlewares/MotorControl/r3_2_g4xx_pwm_curr_fdbk.o
                0x0000000008008898                R3_2_RLDetectionModeDisable
 .text.R3_2_RLDetectionModeSetDuty
                0x00000000080089c0       0x6c Middlewares/MotorControl/r3_2_g4xx_pwm_curr_fdbk.o
                0x00000000080089c0                R3_2_RLDetectionModeSetDuty
 .text.RVBS_Clear
                0x0000000008008a2c       0x3c Middlewares/MotorControl/r_divider_bus_voltage_sensor.o
                0x0000000008008a2c                RVBS_Clear
 .text.RVBS_Init
                0x0000000008008a68       0x18 Middlewares/MotorControl/r_divider_bus_voltage_sensor.o
                0x0000000008008a68                RVBS_Init
 .text.RVBS_CheckFaultState
                0x0000000008008a80       0x18 Middlewares/MotorControl/r_divider_bus_voltage_sensor.o
                0x0000000008008a80                RVBS_CheckFaultState
 .text.RVBS_CalcAvVbus
                0x0000000008008a98       0x6c Middlewares/MotorControl/r_divider_bus_voltage_sensor.o
                0x0000000008008a98                RVBS_CalcAvVbus
 .text.REMNG_Init
                0x0000000008008b04       0x10 Middlewares/MotorControl/ramp_ext_mngr.o
                0x0000000008008b04                REMNG_Init
 .text.REMNG_Calc
                0x0000000008008b14       0x34 Middlewares/MotorControl/ramp_ext_mngr.o
                0x0000000008008b14                REMNG_Calc
 .text.REMNG_RampCompleted
                0x0000000008008b48        0xc Middlewares/MotorControl/ramp_ext_mngr.o
                0x0000000008008b48                REMNG_RampCompleted
 .text.getScalingFactor
                0x0000000008008b54       0x2c Middlewares/MotorControl/ramp_ext_mngr.o
                0x0000000008008b54                getScalingFactor
 .text.REMNG_ExecRamp
                0x0000000008008b80       0x88 Middlewares/MotorControl/ramp_ext_mngr.o
                0x0000000008008b80                REMNG_ExecRamp
 .text.SPD_GetElAngle
                0x0000000008008c08        0x8 Middlewares/MotorControl/speed_pos_fdbk.o
                0x0000000008008c08                SPD_GetElAngle
 .text.SPD_GetAvrgMecSpeedUnit
                0x0000000008008c10        0x8 Middlewares/MotorControl/speed_pos_fdbk.o
                0x0000000008008c10                SPD_GetAvrgMecSpeedUnit
 .text.SPD_GetInstElSpeedDpp
                0x0000000008008c18        0x8 Middlewares/MotorControl/speed_pos_fdbk.o
                0x0000000008008c18                SPD_GetInstElSpeedDpp
 .text.SPD_IsMecSpeedReliable
                0x0000000008008c20       0x60 Middlewares/MotorControl/speed_pos_fdbk.o
                0x0000000008008c20                SPD_IsMecSpeedReliable
 .text.SPD_GetS16Speed
                0x0000000008008c80       0x14 Middlewares/MotorControl/speed_pos_fdbk.o
                0x0000000008008c80                SPD_GetS16Speed
 .text.STC_Init
                0x0000000008008c94       0x28 Middlewares/MotorControl/speed_torq_ctrl.o
                0x0000000008008c94                STC_Init
 .text.STC_SetSpeedSensor
                0x0000000008008cbc        0x4 Middlewares/MotorControl/speed_torq_ctrl.o
                0x0000000008008cbc                STC_SetSpeedSensor
 .text.STC_GetSpeedSensor
                0x0000000008008cc0        0x4 Middlewares/MotorControl/speed_torq_ctrl.o
                0x0000000008008cc0                STC_GetSpeedSensor
 .text.STC_Clear
                0x0000000008008cc4       0x10 Middlewares/MotorControl/speed_torq_ctrl.o
                0x0000000008008cc4                STC_Clear
 .text.STC_GetMecSpeedRefUnit
                0x0000000008008cd4       0x10 Middlewares/MotorControl/speed_torq_ctrl.o
                0x0000000008008cd4                STC_GetMecSpeedRefUnit
 .text.STC_GetTorqueRef
                0x0000000008008ce4       0x10 Middlewares/MotorControl/speed_torq_ctrl.o
                0x0000000008008ce4                STC_GetTorqueRef
 .text.STC_SetControlMode
                0x0000000008008cf4        0x8 Middlewares/MotorControl/speed_torq_ctrl.o
                0x0000000008008cf4                STC_SetControlMode
 .text.STC_ExecRamp
                0x0000000008008cfc       0x94 Middlewares/MotorControl/speed_torq_ctrl.o
                0x0000000008008cfc                STC_ExecRamp
 .text.STC_StopRamp
                0x0000000008008d90        0x8 Middlewares/MotorControl/speed_torq_ctrl.o
                0x0000000008008d90                STC_StopRamp
 .text.STC_CalcTorqueReference
                0x0000000008008d98       0x60 Middlewares/MotorControl/speed_torq_ctrl.o
                0x0000000008008d98                STC_CalcTorqueReference
 .text.STC_GetMecSpeedRefUnitDefault
                0x0000000008008df8        0x8 Middlewares/MotorControl/speed_torq_ctrl.o
                0x0000000008008df8                STC_GetMecSpeedRefUnitDefault
 .text.STC_GetMaxAppPositiveMecSpeedUnit
                0x0000000008008e00        0x4 Middlewares/MotorControl/speed_torq_ctrl.o
                0x0000000008008e00                STC_GetMaxAppPositiveMecSpeedUnit
 .text.STC_GetMinAppNegativeMecSpeedUnit
                0x0000000008008e04        0x8 Middlewares/MotorControl/speed_torq_ctrl.o
                0x0000000008008e04                STC_GetMinAppNegativeMecSpeedUnit
 .text.STC_GetDefaultIqdref
                0x0000000008008e0c       0x18 Middlewares/MotorControl/speed_torq_ctrl.o
                0x0000000008008e0c                STC_GetDefaultIqdref
 .text.STC_ForceSpeedReferenceToCurrentSpeed
                0x0000000008008e24       0x10 Middlewares/MotorControl/speed_torq_ctrl.o
                0x0000000008008e24                STC_ForceSpeedReferenceToCurrentSpeed
 .text.STM_Init
                0x0000000008008e34        0xc Middlewares/MotorControl/state_machine.o
                0x0000000008008e34                STM_Init
 .text.STM_FaultProcessing
                0x0000000008008e40       0x34 Middlewares/MotorControl/state_machine.o
                0x0000000008008e40                STM_FaultProcessing
 .text.STM_NextState
                0x0000000008008e74       0xe8 Middlewares/MotorControl/state_machine.o
                0x0000000008008e74                STM_NextState
 .text.STM_GetState
                0x0000000008008f5c        0x4 Middlewares/MotorControl/state_machine.o
                0x0000000008008f5c                STM_GetState
 .text.STM_FaultAcknowledged
                0x0000000008008f60       0x18 Middlewares/MotorControl/state_machine.o
                0x0000000008008f60                STM_FaultAcknowledged
 .text.STM_GetFaultState
                0x0000000008008f78        0xc Middlewares/MotorControl/state_machine.o
                0x0000000008008f78                STM_GetFaultState
 .text.UFCP_Init
                0x0000000008008f84        0x4 Middlewares/MotorControl/usart_frame_communication_protocol.o
                0x0000000008008f84                UFCP_Init
 .text.UFCP_TX_IRQ_Handler
                0x0000000008008f88       0x60 Middlewares/MotorControl/usart_frame_communication_protocol.o
                0x0000000008008f88                UFCP_TX_IRQ_Handler
 .text.UFCP_Receive
                0x0000000008008fe8       0x24 Middlewares/MotorControl/usart_frame_communication_protocol.o
                0x0000000008008fe8                UFCP_Receive
 .text.UFCP_Send
                0x000000000800900c      0x124 Middlewares/MotorControl/usart_frame_communication_protocol.o
                0x000000000800900c                UFCP_Send
 .text.UFCP_RX_IRQ_Handler
                0x0000000008009130       0xc4 Middlewares/MotorControl/usart_frame_communication_protocol.o
                0x0000000008009130                UFCP_RX_IRQ_Handler
 .text.UFCP_OVR_IRQ_Handler
                0x00000000080091f4       0x1c Middlewares/MotorControl/usart_frame_communication_protocol.o
                0x00000000080091f4                UFCP_OVR_IRQ_Handler
 .text.UFCP_AbortReceive
                0x0000000008009210        0x8 Middlewares/MotorControl/usart_frame_communication_protocol.o
                0x0000000008009210                UFCP_AbortReceive
 .text.VSS_Clear
                0x0000000008009218       0x28 Middlewares/MotorControl/virtual_speed_sensor.o
                0x0000000008009218                VSS_Clear
 .text.VSS_Init
                0x0000000008009240        0x8 Middlewares/MotorControl/virtual_speed_sensor.o
                0x0000000008009240                VSS_Init
 .text.VSS_CalcElAngle
                0x0000000008009248       0x9c Middlewares/MotorControl/virtual_speed_sensor.o
                0x0000000008009248                VSS_CalcElAngle
 .text.VSS_CalcAvrgMecSpeedUnit
                0x00000000080092e4       0x90 Middlewares/MotorControl/virtual_speed_sensor.o
                0x00000000080092e4                VSS_CalcAvrgMecSpeedUnit
 .text.VSS_SetMecAngle
                0x0000000008009374       0x10 Middlewares/MotorControl/virtual_speed_sensor.o
                0x0000000008009374                VSS_SetMecAngle
 .text.VSS_SetMecAcceleration
                0x0000000008009384       0x6c Middlewares/MotorControl/virtual_speed_sensor.o
                0x0000000008009384                VSS_SetMecAcceleration
 .text.VSS_SetStartTransition
                0x00000000080093f0       0x1c Middlewares/MotorControl/virtual_speed_sensor.o
                0x00000000080093f0                VSS_SetStartTransition
 .text.VSS_TransitionEnded
                0x000000000800940c        0x8 Middlewares/MotorControl/virtual_speed_sensor.o
                0x000000000800940c                VSS_TransitionEnded
 .text.RUC_Init
                0x0000000008009414       0x7c ../../MCSDK_v5.4.3/MotorControl/lib\libmc-gcc_M4_NoCCMRAM.lib(revup_ctrl.o)
                0x0000000008009414                RUC_Init
 .text.RUC_Clear
                0x0000000008009490       0x90 ../../MCSDK_v5.4.3/MotorControl/lib\libmc-gcc_M4_NoCCMRAM.lib(revup_ctrl.o)
                0x0000000008009490                RUC_Clear
 .text.RUC_Exec
                0x0000000008009520       0x70 ../../MCSDK_v5.4.3/MotorControl/lib\libmc-gcc_M4_NoCCMRAM.lib(revup_ctrl.o)
                0x0000000008009520                RUC_Exec
 .text.RUC_FirstAccelerationStageReached
                0x0000000008009590       0x14 ../../MCSDK_v5.4.3/MotorControl/lib\libmc-gcc_M4_NoCCMRAM.lib(revup_ctrl.o)
                0x0000000008009590                RUC_FirstAccelerationStageReached
 .text.RUC_SetPhaseDurationms
                0x00000000080095a4        0xc ../../MCSDK_v5.4.3/MotorControl/lib\libmc-gcc_M4_NoCCMRAM.lib(revup_ctrl.o)
                0x00000000080095a4                RUC_SetPhaseDurationms
 .text.RUC_SetPhaseFinalMecSpeedUnit
                0x00000000080095b0        0xc ../../MCSDK_v5.4.3/MotorControl/lib\libmc-gcc_M4_NoCCMRAM.lib(revup_ctrl.o)
                0x00000000080095b0                RUC_SetPhaseFinalMecSpeedUnit
 .text.RUC_SetPhaseFinalTorque
                0x00000000080095bc        0xc ../../MCSDK_v5.4.3/MotorControl/lib\libmc-gcc_M4_NoCCMRAM.lib(revup_ctrl.o)
                0x00000000080095bc                RUC_SetPhaseFinalTorque
 .text.RUC_GetPhaseDurationms
                0x00000000080095c8        0xc ../../MCSDK_v5.4.3/MotorControl/lib\libmc-gcc_M4_NoCCMRAM.lib(revup_ctrl.o)
                0x00000000080095c8                RUC_GetPhaseDurationms
 .text.RUC_GetPhaseFinalMecSpeedUnit
                0x00000000080095d4       0x10 ../../MCSDK_v5.4.3/MotorControl/lib\libmc-gcc_M4_NoCCMRAM.lib(revup_ctrl.o)
                0x00000000080095d4                RUC_GetPhaseFinalMecSpeedUnit
 .text.RUC_GetPhaseFinalTorque
                0x00000000080095e4       0x10 ../../MCSDK_v5.4.3/MotorControl/lib\libmc-gcc_M4_NoCCMRAM.lib(revup_ctrl.o)
                0x00000000080095e4                RUC_GetPhaseFinalTorque
 .text.RUC_GetNumberOfPhases
                0x00000000080095f4        0x8 ../../MCSDK_v5.4.3/MotorControl/lib\libmc-gcc_M4_NoCCMRAM.lib(revup_ctrl.o)
                0x00000000080095f4                RUC_GetNumberOfPhases
 .text.STO_PLL_CalcElAngle
                0x00000000080095fc      0x1d4 ../../MCSDK_v5.4.3/MotorControl/lib\libmc-gcc_M4_NoCCMRAM.lib(sto_pll_speed_pos_fdbk.o)
                0x00000000080095fc                STO_PLL_CalcElAngle
 .text.STO_PLL_CalcAvrgMecSpeedUnit
                0x00000000080097d0      0x144 ../../MCSDK_v5.4.3/MotorControl/lib\libmc-gcc_M4_NoCCMRAM.lib(sto_pll_speed_pos_fdbk.o)
                0x00000000080097d0                STO_PLL_CalcAvrgMecSpeedUnit
 .text.STO_PLL_CalcAvrgElSpeedDpp
                0x0000000008009914       0x60 ../../MCSDK_v5.4.3/MotorControl/lib\libmc-gcc_M4_NoCCMRAM.lib(sto_pll_speed_pos_fdbk.o)
                0x0000000008009914                STO_PLL_CalcAvrgElSpeedDpp
 .text.STO_PLL_Clear
                0x0000000008009974       0x60 ../../MCSDK_v5.4.3/MotorControl/lib\libmc-gcc_M4_NoCCMRAM.lib(sto_pll_speed_pos_fdbk.o)
                0x0000000008009974                STO_PLL_Clear
 .text.STO_PLL_Init
                0x00000000080099d4       0x70 ../../MCSDK_v5.4.3/MotorControl/lib\libmc-gcc_M4_NoCCMRAM.lib(sto_pll_speed_pos_fdbk.o)
                0x00000000080099d4                STO_PLL_Init
 .text.STO_PLL_IsObserverConverged
                0x0000000008009a44       0xac ../../MCSDK_v5.4.3/MotorControl/lib\libmc-gcc_M4_NoCCMRAM.lib(sto_pll_speed_pos_fdbk.o)
                0x0000000008009a44                STO_PLL_IsObserverConverged
 .text.STO_PLL_GetEstimatedBemf
                0x0000000008009af0       0x18 ../../MCSDK_v5.4.3/MotorControl/lib\libmc-gcc_M4_NoCCMRAM.lib(sto_pll_speed_pos_fdbk.o)
                0x0000000008009af0                STO_PLL_GetEstimatedBemf
 .text.STO_PLL_GetEstimatedCurrent
                0x0000000008009b08       0x28 ../../MCSDK_v5.4.3/MotorControl/lib\libmc-gcc_M4_NoCCMRAM.lib(sto_pll_speed_pos_fdbk.o)
                0x0000000008009b08                STO_PLL_GetEstimatedCurrent
 .text.STO_PLL_GetObserverGains
                0x0000000008009b30       0x10 ../../MCSDK_v5.4.3/MotorControl/lib\libmc-gcc_M4_NoCCMRAM.lib(sto_pll_speed_pos_fdbk.o)
                0x0000000008009b30                STO_PLL_GetObserverGains
 .text.STO_PLL_SetObserverGains
                0x0000000008009b40        0x8 ../../MCSDK_v5.4.3/MotorControl/lib\libmc-gcc_M4_NoCCMRAM.lib(sto_pll_speed_pos_fdbk.o)
                0x0000000008009b40                STO_PLL_SetObserverGains
 .text.STO_GetPLLGains
                0x0000000008009b48       0x1c ../../MCSDK_v5.4.3/MotorControl/lib\libmc-gcc_M4_NoCCMRAM.lib(sto_pll_speed_pos_fdbk.o)
                0x0000000008009b48                STO_GetPLLGains
 .text.STO_SetPLLGains
                0x0000000008009b64       0x1c ../../MCSDK_v5.4.3/MotorControl/lib\libmc-gcc_M4_NoCCMRAM.lib(sto_pll_speed_pos_fdbk.o)
                0x0000000008009b64                STO_SetPLLGains
 .text.STO_OTF_ResetPLL
                0x0000000008009b80        0xc ../../MCSDK_v5.4.3/MotorControl/lib\libmc-gcc_M4_NoCCMRAM.lib(sto_pll_speed_pos_fdbk.o)
                0x0000000008009b80                STO_OTF_ResetPLL
 .text.STO_ResetPLL
                0x0000000008009b8c        0x8 ../../MCSDK_v5.4.3/MotorControl/lib\libmc-gcc_M4_NoCCMRAM.lib(sto_pll_speed_pos_fdbk.o)
                0x0000000008009b8c                STO_ResetPLL
 .text.STO_PLL_GetEstimatedBemfLevel
                0x0000000008009b94        0x8 ../../MCSDK_v5.4.3/MotorControl/lib\libmc-gcc_M4_NoCCMRAM.lib(sto_pll_speed_pos_fdbk.o)
                0x0000000008009b94                STO_PLL_GetEstimatedBemfLevel
 .text.STO_PLL_GetObservedBemfLevel
                0x0000000008009b9c        0x8 ../../MCSDK_v5.4.3/MotorControl/lib\libmc-gcc_M4_NoCCMRAM.lib(sto_pll_speed_pos_fdbk.o)
                0x0000000008009b9c                STO_PLL_GetObservedBemfLevel
 .text.STO_PLL_IsVarianceTight
                0x0000000008009ba4        0x8 ../../MCSDK_v5.4.3/MotorControl/lib\libmc-gcc_M4_NoCCMRAM.lib(sto_pll_speed_pos_fdbk.o)
                0x0000000008009ba4                STO_PLL_IsVarianceTight
 .text.STO_PLL_ForceConvergency1
                0x0000000008009bac        0xc ../../MCSDK_v5.4.3/MotorControl/lib\libmc-gcc_M4_NoCCMRAM.lib(sto_pll_speed_pos_fdbk.o)
                0x0000000008009bac                STO_PLL_ForceConvergency1
 .text.STO_PLL_ForceConvergency2
                0x0000000008009bb8        0xc ../../MCSDK_v5.4.3/MotorControl/lib\libmc-gcc_M4_NoCCMRAM.lib(sto_pll_speed_pos_fdbk.o)
                0x0000000008009bb8                STO_PLL_ForceConvergency2
 .text.__libc_init_array
                0x0000000008009bc4       0x48 c:/st/stm32cubeide_1.3.0/stm32cubeide/plugins/com.st.stm32cube.ide.mcu.externaltools.gnu-tools-for-stm32.7-2018-q2-update.win32_1.0.0.201904181610/tools/bin/../lib/gcc/arm-none-eabi/7.3.1/../../../../arm-none-eabi/lib/thumb/v7e-m/fpv4-sp/hard\libc_nano.a(lib_a-init.o)
                0x0000000008009bc4                __libc_init_array
 .text.memset   0x0000000008009c0c       0x10 c:/st/stm32cubeide_1.3.0/stm32cubeide/plugins/com.st.stm32cube.ide.mcu.externaltools.gnu-tools-for-stm32.7-2018-q2-update.win32_1.0.0.201904181610/tools/bin/../lib/gcc/arm-none-eabi/7.3.1/../../../../arm-none-eabi/lib/thumb/v7e-m/fpv4-sp/hard\libc_nano.a(lib_a-memset.o)
                0x0000000008009c0c                memset
 *(.glue_7)
 .glue_7        0x0000000008009c1c        0x0 linker stubs
 *(.glue_7t)
 .glue_7t       0x0000000008009c1c        0x0 linker stubs
 *(.eh_frame)
 .eh_frame      0x0000000008009c1c        0x0 c:/st/stm32cubeide_1.3.0/stm32cubeide/plugins/com.st.stm32cube.ide.mcu.externaltools.gnu-tools-for-stm32.7-2018-q2-update.win32_1.0.0.201904181610/tools/bin/../lib/gcc/arm-none-eabi/7.3.1/thumb/v7e-m/fpv4-sp/hard/crtbegin.o
 *(.init)
 .init          0x0000000008009c1c        0x4 c:/st/stm32cubeide_1.3.0/stm32cubeide/plugins/com.st.stm32cube.ide.mcu.externaltools.gnu-tools-for-stm32.7-2018-q2-update.win32_1.0.0.201904181610/tools/bin/../lib/gcc/arm-none-eabi/7.3.1/thumb/v7e-m/fpv4-sp/hard/crti.o
                0x0000000008009c1c                _init
 .init          0x0000000008009c20        0x8 c:/st/stm32cubeide_1.3.0/stm32cubeide/plugins/com.st.stm32cube.ide.mcu.externaltools.gnu-tools-for-stm32.7-2018-q2-update.win32_1.0.0.201904181610/tools/bin/../lib/gcc/arm-none-eabi/7.3.1/thumb/v7e-m/fpv4-sp/hard/crtn.o
 *(.fini)
 .fini          0x0000000008009c28        0x4 c:/st/stm32cubeide_1.3.0/stm32cubeide/plugins/com.st.stm32cube.ide.mcu.externaltools.gnu-tools-for-stm32.7-2018-q2-update.win32_1.0.0.201904181610/tools/bin/../lib/gcc/arm-none-eabi/7.3.1/thumb/v7e-m/fpv4-sp/hard/crti.o
                0x0000000008009c28                _fini
 .fini          0x0000000008009c2c        0x8 c:/st/stm32cubeide_1.3.0/stm32cubeide/plugins/com.st.stm32cube.ide.mcu.externaltools.gnu-tools-for-stm32.7-2018-q2-update.win32_1.0.0.201904181610/tools/bin/../lib/gcc/arm-none-eabi/7.3.1/thumb/v7e-m/fpv4-sp/hard/crtn.o
                0x0000000008009c34                . = ALIGN (0x4)
                0x0000000008009c34                _etext = .

.vfp11_veneer   0x0000000008009c34        0x0
 .vfp11_veneer  0x0000000008009c34        0x0 linker stubs

.v4_bx          0x0000000008009c34        0x0
 .v4_bx         0x0000000008009c34        0x0 linker stubs

.iplt           0x0000000008009c34        0x0
 .iplt          0x0000000008009c34        0x0 c:/st/stm32cubeide_1.3.0/stm32cubeide/plugins/com.st.stm32cube.ide.mcu.externaltools.gnu-tools-for-stm32.7-2018-q2-update.win32_1.0.0.201904181610/tools/bin/../lib/gcc/arm-none-eabi/7.3.1/thumb/v7e-m/fpv4-sp/hard/crtbegin.o

.rodata         0x0000000008009c34      0x2ac
                0x0000000008009c34                . = ALIGN (0x4)
 *(.rodata)
 *(.rodata*)
 .rodata.ESC_ParamsM1
                0x0000000008009c34       0x2c Application/User/mc_parameters.o
                0x0000000008009c34                ESC_ParamsM1
 .rodata.R3_2_ParamsM1
                0x0000000008009c60       0xc4 Application/User/mc_parameters.o
                0x0000000008009c60                R3_2_ParamsM1
 .rodata.R3_3_OPAMPParamsM1
                0x0000000008009d24       0x6c Application/User/mc_parameters.o
                0x0000000008009d24                R3_3_OPAMPParamsM1
 .rodata.s_fwVer
                0x0000000008009d90       0x20 Application/User/motorcontrol.o
                0x0000000008009d90                s_fwVer
 .rodata.AHBPrescTable
                0x0000000008009db0       0x10 Drivers/CMSIS/system_stm32g4xx.o
                0x0000000008009db0                AHBPrescTable
 .rodata.APBPrescTable
                0x0000000008009dc0        0x8 Drivers/CMSIS/system_stm32g4xx.o
                0x0000000008009dc0                APBPrescTable
 .rodata.CSWTCH.43
                0x0000000008009dc8       0x40 Drivers/STM32G4xx_HAL_Driver/stm32g4xx_hal_tim_ex.o
 .rodata.CSWTCH.44
                0x0000000008009e08       0x40 Drivers/STM32G4xx_HAL_Driver/stm32g4xx_hal_tim_ex.o
 .rodata.CSWTCH.45
                0x0000000008009e48       0x40 Drivers/STM32G4xx_HAL_Driver/stm32g4xx_hal_tim_ex.o
 .rodata.CSWTCH.46
                0x0000000008009e88       0x40 Drivers/STM32G4xx_HAL_Driver/stm32g4xx_hal_tim_ex.o
 .rodata.CSWTCH.274
                0x0000000008009ec8        0x4 Drivers/STM32G4xx_HAL_Driver/stm32g4xx_hal_uart.o
 .rodata.CSWTCH.275
                0x0000000008009ecc        0xd Drivers/STM32G4xx_HAL_Driver/stm32g4xx_hal_uart.o
 *fill*         0x0000000008009ed9        0x1 
 .rodata.UFCP_Usart_Timeout_none
                0x0000000008009eda        0x2 Middlewares/MotorControl/usart_frame_communication_protocol.o
 .rodata.UFCP_Usart_Timeout_start
                0x0000000008009edc        0x2 Middlewares/MotorControl/usart_frame_communication_protocol.o
 .rodata.UFCP_Usart_Timeout_stop
                0x0000000008009ede        0x2 Middlewares/MotorControl/usart_frame_communication_protocol.o
                0x0000000008009ee0                . = ALIGN (0x4)

.ARM.extab      0x0000000008009ee0        0x0
                0x0000000008009ee0                . = ALIGN (0x4)
 *(.ARM.extab* .gnu.linkonce.armextab.*)
                0x0000000008009ee0                . = ALIGN (0x4)

.ARM            0x0000000008009ee0        0x8
                0x0000000008009ee0                . = ALIGN (0x4)
                0x0000000008009ee0                __exidx_start = .
 *(.ARM.exidx*)
 .ARM.exidx     0x0000000008009ee0        0x8 c:/st/stm32cubeide_1.3.0/stm32cubeide/plugins/com.st.stm32cube.ide.mcu.externaltools.gnu-tools-for-stm32.7-2018-q2-update.win32_1.0.0.201904181610/tools/bin/../lib/gcc/arm-none-eabi/7.3.1/thumb/v7e-m/fpv4-sp/hard\libgcc.a(_udivmoddi4.o)
                0x0000000008009ee8                __exidx_end = .
                0x0000000008009ee8                . = ALIGN (0x4)

.rel.dyn        0x0000000008009ee8        0x0
 .rel.iplt      0x0000000008009ee8        0x0 c:/st/stm32cubeide_1.3.0/stm32cubeide/plugins/com.st.stm32cube.ide.mcu.externaltools.gnu-tools-for-stm32.7-2018-q2-update.win32_1.0.0.201904181610/tools/bin/../lib/gcc/arm-none-eabi/7.3.1/thumb/v7e-m/fpv4-sp/hard/crtbegin.o

.preinit_array  0x0000000008009ee8        0x0
                0x0000000008009ee8                . = ALIGN (0x4)
                0x0000000008009ee8                PROVIDE (__preinit_array_start = .)
 *(.preinit_array*)
                0x0000000008009ee8                PROVIDE (__preinit_array_end = .)
                0x0000000008009ee8                . = ALIGN (0x4)

.init_array     0x0000000008009ee8        0x4
                0x0000000008009ee8                . = ALIGN (0x4)
                0x0000000008009ee8                PROVIDE (__init_array_start = .)
 *(SORT_BY_NAME(.init_array.*))
 *(.init_array*)
 .init_array    0x0000000008009ee8        0x4 c:/st/stm32cubeide_1.3.0/stm32cubeide/plugins/com.st.stm32cube.ide.mcu.externaltools.gnu-tools-for-stm32.7-2018-q2-update.win32_1.0.0.201904181610/tools/bin/../lib/gcc/arm-none-eabi/7.3.1/thumb/v7e-m/fpv4-sp/hard/crtbegin.o
                0x0000000008009eec                PROVIDE (__init_array_end = .)
                0x0000000008009eec                . = ALIGN (0x4)

.fini_array     0x0000000008009eec        0x4
                0x0000000008009eec                . = ALIGN (0x4)
                [!provide]                        PROVIDE (__fini_array_start = .)
 *(SORT_BY_NAME(.fini_array.*))
 *(.fini_array*)
 .fini_array    0x0000000008009eec        0x4 c:/st/stm32cubeide_1.3.0/stm32cubeide/plugins/com.st.stm32cube.ide.mcu.externaltools.gnu-tools-for-stm32.7-2018-q2-update.win32_1.0.0.201904181610/tools/bin/../lib/gcc/arm-none-eabi/7.3.1/thumb/v7e-m/fpv4-sp/hard/crtbegin.o
                [!provide]                        PROVIDE (__fini_array_end = .)
                0x0000000008009ef0                . = ALIGN (0x4)
                0x0000000008009ef0                _sidata = LOADADDR (.data)

.data           0x0000000020000000      0x744 load address 0x0000000008009ef0
                0x0000000020000000                . = ALIGN (0x4)
                0x0000000020000000                _sdata = .
 *(.data)
 *(.data*)
 .data.CircleLimitationM1
                0x0000000020000000       0xb4 Application/User/mc_config.o
                0x0000000020000000                CircleLimitationM1
 .data.DAC_UI_Params
                0x00000000200000b4       0x3c Application/User/mc_config.o
                0x00000000200000b4                DAC_UI_Params
 .data.ESC_M1   0x00000000200000f0       0x3c Application/User/mc_config.o
                0x00000000200000f0                ESC_M1
 .data.PIDIdHandle_M1
                0x000000002000012c       0x2c Application/User/mc_config.o
                0x000000002000012c                PIDIdHandle_M1
 .data.PIDIqHandle_M1
                0x0000000020000158       0x2c Application/User/mc_config.o
                0x0000000020000158                PIDIqHandle_M1
 .data.PIDSpeedHandle_M1
                0x0000000020000184       0x2c Application/User/mc_config.o
                0x0000000020000184                PIDSpeedHandle_M1
 .data.PQD_MotorPowMeasM1
                0x00000000200001b0      0x114 Application/User/mc_config.o
                0x00000000200001b0                PQD_MotorPowMeasM1
 .data.PWM_Handle_M1
                0x00000000200002c4       0x78 Application/User/mc_config.o
                0x00000000200002c4                PWM_Handle_M1
 .data.RampExtMngrHFParamsM1
                0x000000002000033c       0x18 Application/User/mc_config.o
                0x000000002000033c                RampExtMngrHFParamsM1
 .data.RealBusVoltageSensorParamsM1
                0x0000000020000354       0x28 Application/User/mc_config.o
                0x0000000020000354                RealBusVoltageSensorParamsM1
 .data.RevUpControlM1
                0x000000002000037c       0x78 Application/User/mc_config.o
                0x000000002000037c                RevUpControlM1
 .data.STO_M1   0x00000000200003f4       0x14 Application/User/mc_config.o
                0x00000000200003f4                STO_M1
 .data.STO_PLL_M1
                0x0000000020000408      0x128 Application/User/mc_config.o
                0x0000000020000408                STO_PLL_M1
 .data.SpeednTorqCtrlM1
                0x0000000020000530       0x34 Application/User/mc_config.o
                0x0000000020000530                SpeednTorqCtrlM1
 .data.TempSensorParamsM1
                0x0000000020000564       0x28 Application/User/mc_config.o
                0x0000000020000564                TempSensorParamsM1
 .data.UI_Params
                0x000000002000058c       0x30 Application/User/mc_config.o
                0x000000002000058c                UI_Params
 .data.VirtualSpeedSensorM1
                0x00000000200005bc       0x38 Application/User/mc_config.o
                0x00000000200005bc                VirtualSpeedSensorM1
 .data.pUSART   0x00000000200005f4      0x13c Application/User/mc_config.o
                0x00000000200005f4                pUSART
 .data.wConfig  0x0000000020000730        0x4 Application/User/motorcontrol.o
                0x0000000020000730                wConfig
 .data.SystickDividerCounter.16384
                0x0000000020000734        0x1 Application/User/stm32g4xx_mc_it.o
 *fill*         0x0000000020000735        0x1 
 .data.bCOMATRTimeCounter
                0x0000000020000736        0x2 Application/User/ui_task.o
 .data.SystemCoreClock
                0x0000000020000738        0x4 Drivers/CMSIS/system_stm32g4xx.o
                0x0000000020000738                SystemCoreClock
 .data.uwTickFreq
                0x000000002000073c        0x4 Drivers/STM32G4xx_HAL_Driver/stm32g4xx_hal.o
                0x000000002000073c                uwTickFreq
 .data.uwTickPrio
                0x0000000020000740        0x4 Drivers/STM32G4xx_HAL_Driver/stm32g4xx_hal.o
                0x0000000020000740                uwTickPrio
                0x0000000020000744                . = ALIGN (0x4)
                0x0000000020000744                _edata = .

.igot.plt       0x0000000020000744        0x0 load address 0x000000000800a634
 .igot.plt      0x0000000020000744        0x0 c:/st/stm32cubeide_1.3.0/stm32cubeide/plugins/com.st.stm32cube.ide.mcu.externaltools.gnu-tools-for-stm32.7-2018-q2-update.win32_1.0.0.201904181610/tools/bin/../lib/gcc/arm-none-eabi/7.3.1/thumb/v7e-m/fpv4-sp/hard/crtbegin.o
                0x0000000020000744                . = ALIGN (0x4)

.bss            0x0000000020000744      0x570 load address 0x000000000800a634
                0x0000000020000744                _sbss = .
                0x0000000020000744                __bss_start__ = _sbss
 *(.bss)
 .bss           0x0000000020000744       0x1c c:/st/stm32cubeide_1.3.0/stm32cubeide/plugins/com.st.stm32cube.ide.mcu.externaltools.gnu-tools-for-stm32.7-2018-q2-update.win32_1.0.0.201904181610/tools/bin/../lib/gcc/arm-none-eabi/7.3.1/thumb/v7e-m/fpv4-sp/hard/crtbegin.o
 *(.bss*)
 .bss.bMCBootCompleted
                0x0000000020000760        0x1 Application/User/mc_tasks.o
                0x0000000020000760                bMCBootCompleted
 *fill*         0x0000000020000761        0x1 
 .bss.hBootCapDelayCounterM1
                0x0000000020000762        0x2 Application/User/mc_tasks.o
 .bss.hMFTaskCounterM1
                0x0000000020000764        0x2 Application/User/mc_tasks.o
 .bss.hStopPermanencyCounterM1
                0x0000000020000766        0x2 Application/User/mc_tasks.o
 .bss.MPInfo    0x0000000020000768        0x8 Application/User/motor_control_protocol.o
                0x0000000020000768                MPInfo
 .bss.HAL_RCC_ADC12_CLK_ENABLED
                0x0000000020000770        0x4 Application/User/stm32g4xx_hal_msp.o
 .bss.bCOMTimeoutCounter
                0x0000000020000774        0x2 Application/User/ui_task.o
 .bss.bUITaskCounter
                0x0000000020000776        0x2 Application/User/ui_task.o
 .bss.pDAC      0x0000000020000778        0x4 Application/User/ui_task.o
                0x0000000020000778                pDAC
 .bss.pMCP      0x000000002000077c        0x4 Application/User/ui_task.o
                0x000000002000077c                pMCP
 *(COMMON)
 COMMON         0x0000000020000780      0x340 Application/User/main.o
                0x0000000020000780                hopamp2
                0x00000000200007bc                hdac1
                0x00000000200007d0                hadc2
                0x000000002000083c                hopamp3
                0x0000000020000878                hcomp1
                0x000000002000089c                hopamp1
                0x00000000200008d8                hcomp4
                0x00000000200008fc                hadc1
                0x0000000020000968                hcordic
                0x0000000020000990                htim1
                0x00000000200009d0                hcomp2
                0x00000000200009f4                htim2
                0x0000000020000a34                huart2
 COMMON         0x0000000020000ac0        0xc Application/User/mc_config.o
                0x0000000020000ac0                RealBusVoltageSensorFilterBufferM1
 COMMON         0x0000000020000acc       0xd4 Application/User/mc_tasks.o
                0x0000000020000acc                pOCPDisabling
                0x0000000020000ad0                pTemperatureSensor
                0x0000000020000ad4                pwmcHandle
                0x0000000020000ad8                pPIDSpeed
                0x0000000020000adc                pPIDIq
                0x0000000020000ae0                oMCInterface
                0x0000000020000ae4                pR_Brake
                0x0000000020000ae8                FOCVars
                0x0000000020000b10                MCT
                0x0000000020000b64                pCLM
                0x0000000020000b68                pBusSensorM1
                0x0000000020000b6c                Mci
                0x0000000020000b88                STM
                0x0000000020000b90                pREMNG
                0x0000000020000b94                pMPM
                0x0000000020000b98                pPIDId
                0x0000000020000b9c                pSTC
 COMMON         0x0000000020000ba0        0x8 Application/User/motorcontrol.o
                0x0000000020000ba0                pMCI
                0x0000000020000ba4                pMCT
 COMMON         0x0000000020000ba8       0x3a Application/User/regular_conversion_manager.o
                0x0000000020000ba8                RCM_UserConvHandle
                0x0000000020000bac                RCM_CB_array
                0x0000000020000bcc                RCM_UserConvState
                0x0000000020000bd0                RCM_handle_array
                0x0000000020000be0                RCM_UserConvValue
 *fill*         0x0000000020000be2        0x2 
 COMMON         0x0000000020000be4       0xcc Application/User/ui_task.o
                0x0000000020000be4                MCP_UI_Params
 COMMON         0x0000000020000cb0        0x4 Drivers/STM32G4xx_HAL_Driver/stm32g4xx_hal.o
                0x0000000020000cb0                uwTick
                0x0000000020000cb4                . = ALIGN (0x4)
                0x0000000020000cb4                _ebss = .
                0x0000000020000cb4                __bss_end__ = _ebss

._user_heap_stack
                0x0000000020000cb4      0x604 load address 0x000000000800a634
                0x0000000020000cb8                . = ALIGN (0x8)
 *fill*         0x0000000020000cb4        0x4 
                0x0000000020000cb8                PROVIDE (end = .)
                [!provide]                        PROVIDE (_end = .)
                0x0000000020000eb8                . = (. + _Min_Heap_Size)
 *fill*         0x0000000020000cb8      0x200 
                0x00000000200012b8                . = (. + _Min_Stack_Size)
 *fill*         0x0000000020000eb8      0x400 
                0x00000000200012b8                . = ALIGN (0x8)

/DISCARD/
 libc.a(*)
 libm.a(*)
 libgcc.a(*)

.ARM.attributes
                0x0000000000000000       0x30
 *(.ARM.attributes)
 .ARM.attributes
                0x0000000000000000       0x22 c:/st/stm32cubeide_1.3.0/stm32cubeide/plugins/com.st.stm32cube.ide.mcu.externaltools.gnu-tools-for-stm32.7-2018-q2-update.win32_1.0.0.201904181610/tools/bin/../lib/gcc/arm-none-eabi/7.3.1/thumb/v7e-m/fpv4-sp/hard/crti.o
 .ARM.attributes
                0x0000000000000022       0x34 c:/st/stm32cubeide_1.3.0/stm32cubeide/plugins/com.st.stm32cube.ide.mcu.externaltools.gnu-tools-for-stm32.7-2018-q2-update.win32_1.0.0.201904181610/tools/bin/../lib/gcc/arm-none-eabi/7.3.1/thumb/v7e-m/fpv4-sp/hard/crtbegin.o
 .ARM.attributes
                0x0000000000000056       0x21 Application/Startup/startup_stm32g431cbux.o
 .ARM.attributes
                0x0000000000000077       0x35 Application/User/dac_ui.o
 .ARM.attributes
                0x00000000000000ac       0x35 Application/User/esc.o
 .ARM.attributes
                0x00000000000000e1       0x35 Application/User/main.o
 .ARM.attributes
                0x0000000000000116       0x35 Application/User/mc_api.o
 .ARM.attributes
                0x000000000000014b       0x35 Application/User/mc_config.o
 .ARM.attributes
                0x0000000000000180       0x35 Application/User/mc_interface.o
 .ARM.attributes
                0x00000000000001b5       0x35 Application/User/mc_math.o
 .ARM.attributes
                0x00000000000001ea       0x35 Application/User/mc_parameters.o
 .ARM.attributes
                0x000000000000021f       0x35 Application/User/mc_tasks.o
 .ARM.attributes
                0x0000000000000254       0x35 Application/User/motor_control_protocol.o
 .ARM.attributes
                0x0000000000000289       0x35 Application/User/motorcontrol.o
 .ARM.attributes
                0x00000000000002be       0x35 Application/User/regular_conversion_manager.o
 .ARM.attributes
                0x00000000000002f3       0x35 Application/User/stm32g4xx_hal_msp.o
 .ARM.attributes
                0x0000000000000328       0x35 Application/User/stm32g4xx_mc_it.o
 .ARM.attributes
                0x000000000000035d       0x35 Application/User/ui_task.o
 .ARM.attributes
                0x0000000000000392       0x35 Application/User/user_interface.o
 .ARM.attributes
                0x00000000000003c7       0x35 Drivers/CMSIS/system_stm32g4xx.o
 .ARM.attributes
                0x00000000000003fc       0x35 Drivers/STM32G4xx_HAL_Driver/stm32g4xx_hal.o
 .ARM.attributes
                0x0000000000000431       0x35 Drivers/STM32G4xx_HAL_Driver/stm32g4xx_hal_adc.o
 .ARM.attributes
                0x0000000000000466       0x35 Drivers/STM32G4xx_HAL_Driver/stm32g4xx_hal_adc_ex.o
 .ARM.attributes
                0x000000000000049b       0x35 Drivers/STM32G4xx_HAL_Driver/stm32g4xx_hal_comp.o
 .ARM.attributes
                0x00000000000004d0       0x35 Drivers/STM32G4xx_HAL_Driver/stm32g4xx_hal_cordic.o
 .ARM.attributes
                0x0000000000000505       0x35 Drivers/STM32G4xx_HAL_Driver/stm32g4xx_hal_cortex.o
 .ARM.attributes
                0x000000000000053a       0x35 Drivers/STM32G4xx_HAL_Driver/stm32g4xx_hal_dac.o
 .ARM.attributes
                0x000000000000056f       0x35 Drivers/STM32G4xx_HAL_Driver/stm32g4xx_hal_gpio.o
 .ARM.attributes
                0x00000000000005a4       0x35 Drivers/STM32G4xx_HAL_Driver/stm32g4xx_hal_opamp.o
 .ARM.attributes
                0x00000000000005d9       0x35 Drivers/STM32G4xx_HAL_Driver/stm32g4xx_hal_pwr_ex.o
 .ARM.attributes
                0x000000000000060e       0x35 Drivers/STM32G4xx_HAL_Driver/stm32g4xx_hal_rcc.o
 .ARM.attributes
                0x0000000000000643       0x35 Drivers/STM32G4xx_HAL_Driver/stm32g4xx_hal_rcc_ex.o
 .ARM.attributes
                0x0000000000000678       0x35 Drivers/STM32G4xx_HAL_Driver/stm32g4xx_hal_tim.o
 .ARM.attributes
                0x00000000000006ad       0x35 Drivers/STM32G4xx_HAL_Driver/stm32g4xx_hal_tim_ex.o
 .ARM.attributes
                0x00000000000006e2       0x35 Drivers/STM32G4xx_HAL_Driver/stm32g4xx_hal_uart.o
 .ARM.attributes
                0x0000000000000717       0x35 Drivers/STM32G4xx_HAL_Driver/stm32g4xx_hal_uart_ex.o
 .ARM.attributes
                0x000000000000074c       0x35 Middlewares/MotorControl/bus_voltage_sensor.o
 .ARM.attributes
                0x0000000000000781       0x35 Middlewares/MotorControl/circle_limitation.o
 .ARM.attributes
                0x00000000000007b6       0x35 Middlewares/MotorControl/dac_common_ui.o
 .ARM.attributes
                0x00000000000007eb       0x35 Middlewares/MotorControl/frame_communication_protocol.o
 .ARM.attributes
                0x0000000000000820       0x35 Middlewares/MotorControl/motor_power_measurement.o
 .ARM.attributes
                0x0000000000000855       0x35 Middlewares/MotorControl/ntc_temperature_sensor.o
 .ARM.attributes
                0x000000000000088a       0x35 Middlewares/MotorControl/pid_regulator.o
 .ARM.attributes
                0x00000000000008bf       0x35 Middlewares/MotorControl/pqd_motor_power_measurement.o
 .ARM.attributes
                0x00000000000008f4       0x35 Middlewares/MotorControl/pwm_common.o
 .ARM.attributes
                0x0000000000000929       0x35 Middlewares/MotorControl/pwm_curr_fdbk.o
 .ARM.attributes
                0x000000000000095e       0x35 Middlewares/MotorControl/r3_2_g4xx_pwm_curr_fdbk.o
 .ARM.attributes
                0x0000000000000993       0x35 Middlewares/MotorControl/r_divider_bus_voltage_sensor.o
 .ARM.attributes
                0x00000000000009c8       0x35 Middlewares/MotorControl/ramp_ext_mngr.o
 .ARM.attributes
                0x00000000000009fd       0x35 Middlewares/MotorControl/speed_pos_fdbk.o
 .ARM.attributes
                0x0000000000000a32       0x35 Middlewares/MotorControl/speed_torq_ctrl.o
 .ARM.attributes
                0x0000000000000a67       0x35 Middlewares/MotorControl/state_machine.o
 .ARM.attributes